01:00:41 **** Incremental Build of configuration Debug for project bme680 ****
make -j8 all 
arm-none-eabi-gcc "../Core/Src/main.c" -mcpu=cortex-m4 -std=gnu11 -g3 -DDEBUG -DUSE_HAL_DRIVER -DSTM32L432xx -c -I../Core/Inc -I../Drivers/STM32L4xx_HAL_Driver/Inc -I../Drivers/STM32L4xx_HAL_Driver/Inc/Legacy -I../Drivers/CMSIS/Device/ST/STM32L4xx/Include -I../Drivers/CMSIS/Include -I"C:/Users/salma/OneDrive/Desktop/Capstone/Code/BME680_driver-master/BME680_driver-master" -O0 -ffunction-sections -fdata-sections -Wall -fstack-usage -fcyclomatic-complexity -MMD -MP -MF"Core/Src/main.d" -MT"Core/Src/main.o" --specs=nano.specs -mfpu=fpv4-sp-d16 -mfloat-abi=hard -mthumb -o "Core/Src/main.o"
../Core/Src/main.c: In function 'main':
../Core/Src/main.c:134:10: warning: unused variable 'bme_msg' [-Wunused-variable]
  134 |     char bme_msg[] = "BME680 Initialization Error\r\n";
      |          ^~~~~~~
../Core/Src/main.c:137:10: warning: unused variable 'bme_msg' [-Wunused-variable]
  137 |     char bme_msg[] = "BME680 Initialized and Ready\r\n";
      |          ^~~~~~~
../Core/Src/main.c:186:40: warning: pointer targets in passing argument 2 of 'HAL_USART_Transmit' differ in signedness [-Wpointer-sign]
  186 |           HAL_USART_Transmit(&husart2, i2c_reading_buf, 27, 10);
      |                                        ^~~~~~~~~~~~~~~
      |                                        |
      |                                        char *
In file included from ../Core/Inc/stm32l4xx_hal_conf.h:454,
                 from ../Drivers/STM32L4xx_HAL_Driver/Inc/stm32l4xx_hal.h:29,
                 from ../Core/Inc/main.h:30,
                 from ../Core/Src/main.c:20:
../Drivers/STM32L4xx_HAL_Driver/Inc/stm32l4xx_hal_usart.h:906:82: note: expected 'const uint8_t *' {aka 'const unsigned char *'} but argument is of type 'char *'
  906 | HAL_StatusTypeDef HAL_USART_Transmit(USART_HandleTypeDef *husart, const uint8_t *pTxData, uint16_t Size,
      |                                                                   ~~~~~~~~~~~~~~~^~~~~~~
../Core/Src/main.c:194:40: warning: pointer targets in passing argument 2 of 'HAL_USART_Transmit' differ in signedness [-Wpointer-sign]
  194 |           HAL_USART_Transmit(&husart2, i2c_reading_buf, 27, 10);
      |                                        ^~~~~~~~~~~~~~~
      |                                        |
      |                                        char *
In file included from ../Core/Inc/stm32l4xx_hal_conf.h:454,
                 from ../Drivers/STM32L4xx_HAL_Driver/Inc/stm32l4xx_hal.h:29,
                 from ../Core/Inc/main.h:30,
                 from ../Core/Src/main.c:20:
../Drivers/STM32L4xx_HAL_Driver/Inc/stm32l4xx_hal_usart.h:906:82: note: expected 'const uint8_t *' {aka 'const unsigned char *'} but argument is of type 'char *'
  906 | HAL_StatusTypeDef HAL_USART_Transmit(USART_HandleTypeDef *husart, const uint8_t *pTxData, uint16_t Size,
      |                                                                   ~~~~~~~~~~~~~~~^~~~~~~
../Core/Src/main.c:210:63: warning: passing argument 1 of 'strlen' makes pointer from integer without a cast [-Wint-conversion]
  210 |           HAL_USART_Transmit(&husart2, (uint8_t *)msg, strlen(ppm), HAL_MAX_DELAY);
      |                                                               ^~~
      |                                                               |
      |                                                               uint16_t {aka short unsigned int}
In file included from ../Core/Src/main.c:27:
C:\ST\STM32CubeIDE_1.14.0\STM32CubeIDE\plugins\com.st.stm32cube.ide.mcu.externaltools.gnu-tools-for-stm32.11.3.rel1.win32_1.1.100.202309141235\tools\bin/../lib/gcc/arm-none-eabi/11.3.1/../../../../arm-none-eabi/include/string.h:41:18: note: expected 'const char *' but argument is of type 'uint16_t' {aka 'short unsigned int'}
   41 | size_t   strlen (const char *);
      |                  ^~~~~~~~~~~~
arm-none-eabi-gcc -o "bme680.elf" @"objects.list"   -mcpu=cortex-m4 -T"C:\Users\salma\OneDrive\Desktop\Capstone\Code\bme680\bme680\STM32L432KCUX_FLASH.ld" --specs=nosys.specs -Wl,-Map="bme680.map" -Wl,--gc-sections -static --specs=nano.specs -mfpu=fpv4-sp-d16 -mfloat-abi=hard -mthumb -Wl,--start-group -lc -lm -Wl,--end-group
Finished building target: bme680.elf
 
arm-none-eabi-size  bme680.elf 
arm-none-eabi-objdump -h -S bme680.elf  > "bme680.list"
   text	   data	    bss	    dec	    hex	filename
  28552	    100	   2124	  30776	   7838	bme680.elf
Finished building: default.size.stdout
 
Finished building: bme680.list
 

01:00:43 Build Finished. 0 errors, 5 warnings. (took 1s.823ms)

