17:22:59 **** Clean-only build of configuration Debug for project STM32-RFM95 ****
make -j8 clean 
rm -rf ./Drivers/STM32L4xx_HAL_Driver/Src/stm32l4xx_hal.cyclo ./Drivers/STM32L4xx_HAL_Driver/Src/stm32l4xx_hal.d ./Drivers/STM32L4xx_HAL_Driver/Src/stm32l4xx_hal.o ./Drivers/STM32L4xx_HAL_Driver/Src/stm32l4xx_hal.su ./Drivers/STM32L4xx_HAL_Driver/Src/stm32l4xx_hal_cortex.cyclo ./Drivers/STM32L4xx_HAL_Driver/Src/stm32l4xx_hal_cortex.d ./Drivers/STM32L4xx_HAL_Driver/Src/stm32l4xx_hal_cortex.o ./Drivers/STM32L4xx_HAL_Driver/Src/stm32l4xx_hal_cortex.su ./Drivers/STM32L4xx_HAL_Driver/Src/stm32l4xx_hal_dma.cyclo ./Drivers/STM32L4xx_HAL_Driver/Src/stm32l4xx_hal_dma.d ./Drivers/STM32L4xx_HAL_Driver/Src/stm32l4xx_hal_dma.o ./Drivers/STM32L4xx_HAL_Driver/Src/stm32l4xx_hal_dma.su ./Drivers/STM32L4xx_HAL_Driver/Src/stm32l4xx_hal_dma_ex.cyclo ./Drivers/STM32L4xx_HAL_Driver/Src/stm32l4xx_hal_dma_ex.d ./Drivers/STM32L4xx_HAL_Driver/Src/stm32l4xx_hal_dma_ex.o ./Drivers/STM32L4xx_HAL_Driver/Src/stm32l4xx_hal_dma_ex.su ./Drivers/STM32L4xx_HAL_Driver/Src/stm32l4xx_hal_exti.cyclo ./Drivers/STM32L4xx_HAL_Driver/Src/stm32l4xx_hal_exti.d ./Drivers/STM32L4xx_HAL_Driver/Src/stm32l4xx_hal_exti.o ./Drivers/STM32L4xx_HAL_Driver/Src/stm32l4xx_hal_exti.su ./Drivers/STM32L4xx_HAL_Driver/Src/stm32l4xx_hal_flash.cyclo ./Drivers/STM32L4xx_HAL_Driver/Src/stm32l4xx_hal_flash.d ./Drivers/STM32L4xx_HAL_Driver/Src/stm32l4xx_hal_flash.o ./Drivers/STM32L4xx_HAL_Driver/Src/stm32l4xx_hal_flash.su ./Drivers/STM32L4xx_HAL_Driver/Src/stm32l4xx_hal_flash_ex.cyclo ./Drivers/STM32L4xx_HAL_Driver/Src/stm32l4xx_hal_flash_ex.d ./Drivers/STM32L4xx_HAL_Driver/Src/stm32l4xx_hal_flash_ex.o ./Drivers/STM32L4xx_HAL_Driver/Src/stm32l4xx_hal_flash_ex.su ./Drivers/STM32L4xx_HAL_Driver/Src/stm32l4xx_hal_flash_ramfunc.cyclo ./Drivers/STM32L4xx_HAL_Driver/Src/stm32l4xx_hal_flash_ramfunc.d ./Drivers/STM32L4xx_HAL_Driver/Src/stm32l4xx_hal_flash_ramfunc.o ./Drivers/STM32L4xx_HAL_Driver/Src/stm32l4xx_hal_flash_ramfunc.su ./Drivers/STM32L4xx_HAL_Driver/Src/stm32l4xx_hal_gpio.cyclo ./Drivers/STM32L4xx_HAL_Driver/Src/stm32l4xx_hal_gpio.d ./Drivers/STM32L4xx_HAL_Driver/Src/stm32l4xx_hal_gpio.o ./Drivers/STM32L4xx_HAL_Driver/Src/stm32l4xx_hal_gpio.su ./Drivers/STM32L4xx_HAL_Driver/Src/stm32l4xx_hal_i2c.cyclo ./Drivers/STM32L4xx_HAL_Driver/Src/stm32l4xx_hal_i2c.d ./Drivers/STM32L4xx_HAL_Driver/Src/stm32l4xx_hal_i2c.o ./Drivers/STM32L4xx_HAL_Driver/Src/stm32l4xx_hal_i2c.su ./Drivers/STM32L4xx_HAL_Driver/Src/stm32l4xx_hal_i2c_ex.cyclo ./Drivers/STM32L4xx_HAL_Driver/Src/stm32l4xx_hal_i2c_ex.d ./Drivers/STM32L4xx_HAL_Driver/Src/stm32l4xx_hal_i2c_ex.o ./Drivers/STM32L4xx_HAL_Driver/Src/stm32l4xx_hal_i2c_ex.su ./Drivers/STM32L4xx_HAL_Driver/Src/stm32l4xx_hal_pwr.cyclo ./Drivers/STM32L4xx_HAL_Driver/Src/stm32l4xx_hal_pwr.d ./Drivers/STM32L4xx_HAL_Driver/Src/stm32l4xx_hal_pwr.o ./Drivers/STM32L4xx_HAL_Driver/Src/stm32l4xx_hal_pwr.su ./Drivers/STM32L4xx_HAL_Driver/Src/stm32l4xx_hal_pwr_ex.cyclo ./Drivers/STM32L4xx_HAL_Driver/Src/stm32l4xx_hal_pwr_ex.d ./Drivers/STM32L4xx_HAL_Driver/Src/stm32l4xx_hal_pwr_ex.o ./Drivers/STM32L4xx_HAL_Driver/Src/stm32l4xx_hal_pwr_ex.su ./Drivers/STM32L4xx_HAL_Driver/Src/stm32l4xx_hal_rcc.cyclo ./Drivers/STM32L4xx_HAL_Driver/Src/stm32l4xx_hal_rcc.d ./Drivers/STM32L4xx_HAL_Driver/Src/stm32l4xx_hal_rcc.o ./Drivers/STM32L4xx_HAL_Driver/Src/stm32l4xx_hal_rcc.su ./Drivers/STM32L4xx_HAL_Driver/Src/stm32l4xx_hal_rcc_ex.cyclo ./Drivers/STM32L4xx_HAL_Driver/Src/stm32l4xx_hal_rcc_ex.d ./Drivers/STM32L4xx_HAL_Driver/Src/stm32l4xx_hal_rcc_ex.o ./Drivers/STM32L4xx_HAL_Driver/Src/stm32l4xx_hal_rcc_ex.su ./Drivers/STM32L4xx_HAL_Driver/Src/stm32l4xx_hal_spi.cyclo ./Drivers/STM32L4xx_HAL_Driver/Src/stm32l4xx_hal_spi.d ./Drivers/STM32L4xx_HAL_Driver/Src/stm32l4xx_hal_spi.o ./Drivers/STM32L4xx_HAL_Driver/Src/stm32l4xx_hal_spi.su ./Drivers/STM32L4xx_HAL_Driver/Src/stm32l4xx_hal_spi_ex.cyclo ./Drivers/STM32L4xx_HAL_Driver/Src/stm32l4xx_hal_spi_ex.d ./Drivers/STM32L4xx_HAL_Driver/Src/stm32l4xx_hal_spi_ex.o ./Drivers/STM32L4xx_HAL_Driver/Src/stm32l4xx_hal_spi_ex.su ./Drivers/STM32L4xx_HAL_Driver/Src/stm32l4xx_hal_tim.cyclo ./Drivers/STM32L4xx_HAL_Driver/Src/stm32l4xx_hal_tim.d ./Drivers/STM32L4xx_HAL_Driver/Src/stm32l4xx_hal_tim.o ./Drivers/STM32L4xx_HAL_Driver/Src/stm32l4xx_hal_tim.su ./Drivers/STM32L4xx_HAL_Driver/Src/stm32l4xx_hal_tim_ex.cyclo ./Drivers/STM32L4xx_HAL_Driver/Src/stm32l4xx_hal_tim_ex.d ./Drivers/STM32L4xx_HAL_Driver/Src/stm32l4xx_hal_tim_ex.o ./Drivers/STM32L4xx_HAL_Driver/Src/stm32l4xx_hal_tim_ex.su ./Drivers/STM32L4xx_HAL_Driver/Src/stm32l4xx_hal_usart.cyclo ./Drivers/STM32L4xx_HAL_Driver/Src/stm32l4xx_hal_usart.d ./Drivers/STM32L4xx_HAL_Driver/Src/stm32l4xx_hal_usart.o ./Drivers/STM32L4xx_HAL_Driver/Src/stm32l4xx_hal_usart.su ./Drivers/STM32L4xx_HAL_Driver/Src/stm32l4xx_hal_usart_ex.cyclo ./Drivers/STM32L4xx_HAL_Driver/Src/stm32l4xx_hal_usart_ex.d ./Drivers/STM32L4xx_HAL_Driver/Src/stm32l4xx_hal_usart_ex.o ./Drivers/STM32L4xx_HAL_Driver/Src/stm32l4xx_hal_usart_ex.su
rm -rf ./Core/Startup/startup_stm32l432kcux.d ./Core/Startup/startup_stm32l432kcux.o
rm -rf ./Core/Src/lora.cyclo ./Core/Src/lora.d ./Core/Src/lora.o ./Core/Src/lora.su ./Core/Src/main.cyclo ./Core/Src/main.d ./Core/Src/main.o ./Core/Src/main.su ./Core/Src/stm32l4xx_hal_msp.cyclo ./Core/Src/stm32l4xx_hal_msp.d ./Core/Src/stm32l4xx_hal_msp.o ./Core/Src/stm32l4xx_hal_msp.su ./Core/Src/stm32l4xx_it.cyclo ./Core/Src/stm32l4xx_it.d ./Core/Src/stm32l4xx_it.o ./Core/Src/stm32l4xx_it.su ./Core/Src/syscalls.cyclo ./Core/Src/syscalls.d ./Core/Src/syscalls.o ./Core/Src/syscalls.su ./Core/Src/sysmem.cyclo ./Core/Src/sysmem.d ./Core/Src/sysmem.o ./Core/Src/sysmem.su ./Core/Src/system_stm32l4xx.cyclo ./Core/Src/system_stm32l4xx.d ./Core/Src/system_stm32l4xx.o ./Core/Src/system_stm32l4xx.su
rm -rf STM32-RFM95.elf STM32-RFM95.list STM32-RFM95.map default.size.stdout
 
17:23:00 **** Build of configuration Debug for project STM32-RFM95 ****
make -j8 all 
arm-none-eabi-gcc "../Drivers/STM32L4xx_HAL_Driver/Src/stm32l4xx_hal.c" -mcpu=cortex-m4 -std=gnu11 -g3 -DDEBUG -DUSE_HAL_DRIVER -DSTM32L432xx -c -I../Core/Inc -I../Drivers/STM32L4xx_HAL_Driver/Inc -I../Drivers/STM32L4xx_HAL_Driver/Inc/Legacy -I../Drivers/CMSIS/Device/ST/STM32L4xx/Include -I../Drivers/CMSIS/Include -O0 -ffunction-sections -fdata-sections -Wall -fstack-usage -fcyclomatic-complexity -MMD -MP -MF"Drivers/STM32L4xx_HAL_Driver/Src/stm32l4xx_hal.d" -MT"Drivers/STM32L4xx_HAL_Driver/Src/stm32l4xx_hal.o" --specs=nano.specs -mfpu=fpv4-sp-d16 -mfloat-abi=hard -mthumb -o "Drivers/STM32L4xx_HAL_Driver/Src/stm32l4xx_hal.o"
arm-none-eabi-gcc "../Drivers/STM32L4xx_HAL_Driver/Src/stm32l4xx_hal_cortex.c" -mcpu=cortex-m4 -std=gnu11 -g3 -DDEBUG -DUSE_HAL_DRIVER -DSTM32L432xx -c -I../Core/Inc -I../Drivers/STM32L4xx_HAL_Driver/Inc -I../Drivers/STM32L4xx_HAL_Driver/Inc/Legacy -I../Drivers/CMSIS/Device/ST/STM32L4xx/Include -I../Drivers/CMSIS/Include -O0 -ffunction-sections -fdata-sections -Wall -fstack-usage -fcyclomatic-complexity -MMD -MP -MF"Drivers/STM32L4xx_HAL_Driver/Src/stm32l4xx_hal_cortex.d" -MT"Drivers/STM32L4xx_HAL_Driver/Src/stm32l4xx_hal_cortex.o" --specs=nano.specs -mfpu=fpv4-sp-d16 -mfloat-abi=hard -mthumb -o "Drivers/STM32L4xx_HAL_Driver/Src/stm32l4xx_hal_cortex.o"
arm-none-eabi-gcc "../Drivers/STM32L4xx_HAL_Driver/Src/stm32l4xx_hal_dma.c" -mcpu=cortex-m4 -std=gnu11 -g3 -DDEBUG -DUSE_HAL_DRIVER -DSTM32L432xx -c -I../Core/Inc -I../Drivers/STM32L4xx_HAL_Driver/Inc -I../Drivers/STM32L4xx_HAL_Driver/Inc/Legacy -I../Drivers/CMSIS/Device/ST/STM32L4xx/Include -I../Drivers/CMSIS/Include -O0 -ffunction-sections -fdata-sections -Wall -fstack-usage -fcyclomatic-complexity -MMD -MP -MF"Drivers/STM32L4xx_HAL_Driver/Src/stm32l4xx_hal_dma.d" -MT"Drivers/STM32L4xx_HAL_Driver/Src/stm32l4xx_hal_dma.o" --specs=nano.specs -mfpu=fpv4-sp-d16 -mfloat-abi=hard -mthumb -o "Drivers/STM32L4xx_HAL_Driver/Src/stm32l4xx_hal_dma.o"
arm-none-eabi-gcc "../Drivers/STM32L4xx_HAL_Driver/Src/stm32l4xx_hal_dma_ex.c" -mcpu=cortex-m4 -std=gnu11 -g3 -DDEBUG -DUSE_HAL_DRIVER -DSTM32L432xx -c -I../Core/Inc -I../Drivers/STM32L4xx_HAL_Driver/Inc -I../Drivers/STM32L4xx_HAL_Driver/Inc/Legacy -I../Drivers/CMSIS/Device/ST/STM32L4xx/Include -I../Drivers/CMSIS/Include -O0 -ffunction-sections -fdata-sections -Wall -fstack-usage -fcyclomatic-complexity -MMD -MP -MF"Drivers/STM32L4xx_HAL_Driver/Src/stm32l4xx_hal_dma_ex.d" -MT"Drivers/STM32L4xx_HAL_Driver/Src/stm32l4xx_hal_dma_ex.o" --specs=nano.specs -mfpu=fpv4-sp-d16 -mfloat-abi=hard -mthumb -o "Drivers/STM32L4xx_HAL_Driver/Src/stm32l4xx_hal_dma_ex.o"
arm-none-eabi-gcc "../Drivers/STM32L4xx_HAL_Driver/Src/stm32l4xx_hal_exti.c" -mcpu=cortex-m4 -std=gnu11 -g3 -DDEBUG -DUSE_HAL_DRIVER -DSTM32L432xx -c -I../Core/Inc -I../Drivers/STM32L4xx_HAL_Driver/Inc -I../Drivers/STM32L4xx_HAL_Driver/Inc/Legacy -I../Drivers/CMSIS/Device/ST/STM32L4xx/Include -I../Drivers/CMSIS/Include -O0 -ffunction-sections -fdata-sections -Wall -fstack-usage -fcyclomatic-complexity -MMD -MP -MF"Drivers/STM32L4xx_HAL_Driver/Src/stm32l4xx_hal_exti.d" -MT"Drivers/STM32L4xx_HAL_Driver/Src/stm32l4xx_hal_exti.o" --specs=nano.specs -mfpu=fpv4-sp-d16 -mfloat-abi=hard -mthumb -o "Drivers/STM32L4xx_HAL_Driver/Src/stm32l4xx_hal_exti.o"
arm-none-eabi-gcc "../Drivers/STM32L4xx_HAL_Driver/Src/stm32l4xx_hal_flash.c" -mcpu=cortex-m4 -std=gnu11 -g3 -DDEBUG -DUSE_HAL_DRIVER -DSTM32L432xx -c -I../Core/Inc -I../Drivers/STM32L4xx_HAL_Driver/Inc -I../Drivers/STM32L4xx_HAL_Driver/Inc/Legacy -I../Drivers/CMSIS/Device/ST/STM32L4xx/Include -I../Drivers/CMSIS/Include -O0 -ffunction-sections -fdata-sections -Wall -fstack-usage -fcyclomatic-complexity -MMD -MP -MF"Drivers/STM32L4xx_HAL_Driver/Src/stm32l4xx_hal_flash.d" -MT"Drivers/STM32L4xx_HAL_Driver/Src/stm32l4xx_hal_flash.o" --specs=nano.specs -mfpu=fpv4-sp-d16 -mfloat-abi=hard -mthumb -o "Drivers/STM32L4xx_HAL_Driver/Src/stm32l4xx_hal_flash.o"
arm-none-eabi-gcc "../Drivers/STM32L4xx_HAL_Driver/Src/stm32l4xx_hal_flash_ex.c" -mcpu=cortex-m4 -std=gnu11 -g3 -DDEBUG -DUSE_HAL_DRIVER -DSTM32L432xx -c -I../Core/Inc -I../Drivers/STM32L4xx_HAL_Driver/Inc -I../Drivers/STM32L4xx_HAL_Driver/Inc/Legacy -I../Drivers/CMSIS/Device/ST/STM32L4xx/Include -I../Drivers/CMSIS/Include -O0 -ffunction-sections -fdata-sections -Wall -fstack-usage -fcyclomatic-complexity -MMD -MP -MF"Drivers/STM32L4xx_HAL_Driver/Src/stm32l4xx_hal_flash_ex.d" -MT"Drivers/STM32L4xx_HAL_Driver/Src/stm32l4xx_hal_flash_ex.o" --specs=nano.specs -mfpu=fpv4-sp-d16 -mfloat-abi=hard -mthumb -o "Drivers/STM32L4xx_HAL_Driver/Src/stm32l4xx_hal_flash_ex.o"
arm-none-eabi-gcc "../Drivers/STM32L4xx_HAL_Driver/Src/stm32l4xx_hal_flash_ramfunc.c" -mcpu=cortex-m4 -std=gnu11 -g3 -DDEBUG -DUSE_HAL_DRIVER -DSTM32L432xx -c -I../Core/Inc -I../Drivers/STM32L4xx_HAL_Driver/Inc -I../Drivers/STM32L4xx_HAL_Driver/Inc/Legacy -I../Drivers/CMSIS/Device/ST/STM32L4xx/Include -I../Drivers/CMSIS/Include -O0 -ffunction-sections -fdata-sections -Wall -fstack-usage -fcyclomatic-complexity -MMD -MP -MF"Drivers/STM32L4xx_HAL_Driver/Src/stm32l4xx_hal_flash_ramfunc.d" -MT"Drivers/STM32L4xx_HAL_Driver/Src/stm32l4xx_hal_flash_ramfunc.o" --specs=nano.specs -mfpu=fpv4-sp-d16 -mfloat-abi=hard -mthumb -o "Drivers/STM32L4xx_HAL_Driver/Src/stm32l4xx_hal_flash_ramfunc.o"
arm-none-eabi-gcc "../Drivers/STM32L4xx_HAL_Driver/Src/stm32l4xx_hal_gpio.c" -mcpu=cortex-m4 -std=gnu11 -g3 -DDEBUG -DUSE_HAL_DRIVER -DSTM32L432xx -c -I../Core/Inc -I../Drivers/STM32L4xx_HAL_Driver/Inc -I../Drivers/STM32L4xx_HAL_Driver/Inc/Legacy -I../Drivers/CMSIS/Device/ST/STM32L4xx/Include -I../Drivers/CMSIS/Include -O0 -ffunction-sections -fdata-sections -Wall -fstack-usage -fcyclomatic-complexity -MMD -MP -MF"Drivers/STM32L4xx_HAL_Driver/Src/stm32l4xx_hal_gpio.d" -MT"Drivers/STM32L4xx_HAL_Driver/Src/stm32l4xx_hal_gpio.o" --specs=nano.specs -mfpu=fpv4-sp-d16 -mfloat-abi=hard -mthumb -o "Drivers/STM32L4xx_HAL_Driver/Src/stm32l4xx_hal_gpio.o"
arm-none-eabi-gcc "../Drivers/STM32L4xx_HAL_Driver/Src/stm32l4xx_hal_i2c.c" -mcpu=cortex-m4 -std=gnu11 -g3 -DDEBUG -DUSE_HAL_DRIVER -DSTM32L432xx -c -I../Core/Inc -I../Drivers/STM32L4xx_HAL_Driver/Inc -I../Drivers/STM32L4xx_HAL_Driver/Inc/Legacy -I../Drivers/CMSIS/Device/ST/STM32L4xx/Include -I../Drivers/CMSIS/Include -O0 -ffunction-sections -fdata-sections -Wall -fstack-usage -fcyclomatic-complexity -MMD -MP -MF"Drivers/STM32L4xx_HAL_Driver/Src/stm32l4xx_hal_i2c.d" -MT"Drivers/STM32L4xx_HAL_Driver/Src/stm32l4xx_hal_i2c.o" --specs=nano.specs -mfpu=fpv4-sp-d16 -mfloat-abi=hard -mthumb -o "Drivers/STM32L4xx_HAL_Driver/Src/stm32l4xx_hal_i2c.o"
arm-none-eabi-gcc "../Drivers/STM32L4xx_HAL_Driver/Src/stm32l4xx_hal_i2c_ex.c" -mcpu=cortex-m4 -std=gnu11 -g3 -DDEBUG -DUSE_HAL_DRIVER -DSTM32L432xx -c -I../Core/Inc -I../Drivers/STM32L4xx_HAL_Driver/Inc -I../Drivers/STM32L4xx_HAL_Driver/Inc/Legacy -I../Drivers/CMSIS/Device/ST/STM32L4xx/Include -I../Drivers/CMSIS/Include -O0 -ffunction-sections -fdata-sections -Wall -fstack-usage -fcyclomatic-complexity -MMD -MP -MF"Drivers/STM32L4xx_HAL_Driver/Src/stm32l4xx_hal_i2c_ex.d" -MT"Drivers/STM32L4xx_HAL_Driver/Src/stm32l4xx_hal_i2c_ex.o" --specs=nano.specs -mfpu=fpv4-sp-d16 -mfloat-abi=hard -mthumb -o "Drivers/STM32L4xx_HAL_Driver/Src/stm32l4xx_hal_i2c_ex.o"
arm-none-eabi-gcc "../Drivers/STM32L4xx_HAL_Driver/Src/stm32l4xx_hal_pwr.c" -mcpu=cortex-m4 -std=gnu11 -g3 -DDEBUG -DUSE_HAL_DRIVER -DSTM32L432xx -c -I../Core/Inc -I../Drivers/STM32L4xx_HAL_Driver/Inc -I../Drivers/STM32L4xx_HAL_Driver/Inc/Legacy -I../Drivers/CMSIS/Device/ST/STM32L4xx/Include -I../Drivers/CMSIS/Include -O0 -ffunction-sections -fdata-sections -Wall -fstack-usage -fcyclomatic-complexity -MMD -MP -MF"Drivers/STM32L4xx_HAL_Driver/Src/stm32l4xx_hal_pwr.d" -MT"Drivers/STM32L4xx_HAL_Driver/Src/stm32l4xx_hal_pwr.o" --specs=nano.specs -mfpu=fpv4-sp-d16 -mfloat-abi=hard -mthumb -o "Drivers/STM32L4xx_HAL_Driver/Src/stm32l4xx_hal_pwr.o"
arm-none-eabi-gcc "../Drivers/STM32L4xx_HAL_Driver/Src/stm32l4xx_hal_pwr_ex.c" -mcpu=cortex-m4 -std=gnu11 -g3 -DDEBUG -DUSE_HAL_DRIVER -DSTM32L432xx -c -I../Core/Inc -I../Drivers/STM32L4xx_HAL_Driver/Inc -I../Drivers/STM32L4xx_HAL_Driver/Inc/Legacy -I../Drivers/CMSIS/Device/ST/STM32L4xx/Include -I../Drivers/CMSIS/Include -O0 -ffunction-sections -fdata-sections -Wall -fstack-usage -fcyclomatic-complexity -MMD -MP -MF"Drivers/STM32L4xx_HAL_Driver/Src/stm32l4xx_hal_pwr_ex.d" -MT"Drivers/STM32L4xx_HAL_Driver/Src/stm32l4xx_hal_pwr_ex.o" --specs=nano.specs -mfpu=fpv4-sp-d16 -mfloat-abi=hard -mthumb -o "Drivers/STM32L4xx_HAL_Driver/Src/stm32l4xx_hal_pwr_ex.o"
arm-none-eabi-gcc "../Drivers/STM32L4xx_HAL_Driver/Src/stm32l4xx_hal_rcc.c" -mcpu=cortex-m4 -std=gnu11 -g3 -DDEBUG -DUSE_HAL_DRIVER -DSTM32L432xx -c -I../Core/Inc -I../Drivers/STM32L4xx_HAL_Driver/Inc -I../Drivers/STM32L4xx_HAL_Driver/Inc/Legacy -I../Drivers/CMSIS/Device/ST/STM32L4xx/Include -I../Drivers/CMSIS/Include -O0 -ffunction-sections -fdata-sections -Wall -fstack-usage -fcyclomatic-complexity -MMD -MP -MF"Drivers/STM32L4xx_HAL_Driver/Src/stm32l4xx_hal_rcc.d" -MT"Drivers/STM32L4xx_HAL_Driver/Src/stm32l4xx_hal_rcc.o" --specs=nano.specs -mfpu=fpv4-sp-d16 -mfloat-abi=hard -mthumb -o "Drivers/STM32L4xx_HAL_Driver/Src/stm32l4xx_hal_rcc.o"
arm-none-eabi-gcc "../Drivers/STM32L4xx_HAL_Driver/Src/stm32l4xx_hal_rcc_ex.c" -mcpu=cortex-m4 -std=gnu11 -g3 -DDEBUG -DUSE_HAL_DRIVER -DSTM32L432xx -c -I../Core/Inc -I../Drivers/STM32L4xx_HAL_Driver/Inc -I../Drivers/STM32L4xx_HAL_Driver/Inc/Legacy -I../Drivers/CMSIS/Device/ST/STM32L4xx/Include -I../Drivers/CMSIS/Include -O0 -ffunction-sections -fdata-sections -Wall -fstack-usage -fcyclomatic-complexity -MMD -MP -MF"Drivers/STM32L4xx_HAL_Driver/Src/stm32l4xx_hal_rcc_ex.d" -MT"Drivers/STM32L4xx_HAL_Driver/Src/stm32l4xx_hal_rcc_ex.o" --specs=nano.specs -mfpu=fpv4-sp-d16 -mfloat-abi=hard -mthumb -o "Drivers/STM32L4xx_HAL_Driver/Src/stm32l4xx_hal_rcc_ex.o"
arm-none-eabi-gcc "../Drivers/STM32L4xx_HAL_Driver/Src/stm32l4xx_hal_spi.c" -mcpu=cortex-m4 -std=gnu11 -g3 -DDEBUG -DUSE_HAL_DRIVER -DSTM32L432xx -c -I../Core/Inc -I../Drivers/STM32L4xx_HAL_Driver/Inc -I../Drivers/STM32L4xx_HAL_Driver/Inc/Legacy -I../Drivers/CMSIS/Device/ST/STM32L4xx/Include -I../Drivers/CMSIS/Include -O0 -ffunction-sections -fdata-sections -Wall -fstack-usage -fcyclomatic-complexity -MMD -MP -MF"Drivers/STM32L4xx_HAL_Driver/Src/stm32l4xx_hal_spi.d" -MT"Drivers/STM32L4xx_HAL_Driver/Src/stm32l4xx_hal_spi.o" --specs=nano.specs -mfpu=fpv4-sp-d16 -mfloat-abi=hard -mthumb -o "Drivers/STM32L4xx_HAL_Driver/Src/stm32l4xx_hal_spi.o"
arm-none-eabi-gcc "../Drivers/STM32L4xx_HAL_Driver/Src/stm32l4xx_hal_spi_ex.c" -mcpu=cortex-m4 -std=gnu11 -g3 -DDEBUG -DUSE_HAL_DRIVER -DSTM32L432xx -c -I../Core/Inc -I../Drivers/STM32L4xx_HAL_Driver/Inc -I../Drivers/STM32L4xx_HAL_Driver/Inc/Legacy -I../Drivers/CMSIS/Device/ST/STM32L4xx/Include -I../Drivers/CMSIS/Include -O0 -ffunction-sections -fdata-sections -Wall -fstack-usage -fcyclomatic-complexity -MMD -MP -MF"Drivers/STM32L4xx_HAL_Driver/Src/stm32l4xx_hal_spi_ex.d" -MT"Drivers/STM32L4xx_HAL_Driver/Src/stm32l4xx_hal_spi_ex.o" --specs=nano.specs -mfpu=fpv4-sp-d16 -mfloat-abi=hard -mthumb -o "Drivers/STM32L4xx_HAL_Driver/Src/stm32l4xx_hal_spi_ex.o"
arm-none-eabi-gcc "../Drivers/STM32L4xx_HAL_Driver/Src/stm32l4xx_hal_tim.c" -mcpu=cortex-m4 -std=gnu11 -g3 -DDEBUG -DUSE_HAL_DRIVER -DSTM32L432xx -c -I../Core/Inc -I../Drivers/STM32L4xx_HAL_Driver/Inc -I../Drivers/STM32L4xx_HAL_Driver/Inc/Legacy -I../Drivers/CMSIS/Device/ST/STM32L4xx/Include -I../Drivers/CMSIS/Include -O0 -ffunction-sections -fdata-sections -Wall -fstack-usage -fcyclomatic-complexity -MMD -MP -MF"Drivers/STM32L4xx_HAL_Driver/Src/stm32l4xx_hal_tim.d" -MT"Drivers/STM32L4xx_HAL_Driver/Src/stm32l4xx_hal_tim.o" --specs=nano.specs -mfpu=fpv4-sp-d16 -mfloat-abi=hard -mthumb -o "Drivers/STM32L4xx_HAL_Driver/Src/stm32l4xx_hal_tim.o"
arm-none-eabi-gcc "../Drivers/STM32L4xx_HAL_Driver/Src/stm32l4xx_hal_tim_ex.c" -mcpu=cortex-m4 -std=gnu11 -g3 -DDEBUG -DUSE_HAL_DRIVER -DSTM32L432xx -c -I../Core/Inc -I../Drivers/STM32L4xx_HAL_Driver/Inc -I../Drivers/STM32L4xx_HAL_Driver/Inc/Legacy -I../Drivers/CMSIS/Device/ST/STM32L4xx/Include -I../Drivers/CMSIS/Include -O0 -ffunction-sections -fdata-sections -Wall -fstack-usage -fcyclomatic-complexity -MMD -MP -MF"Drivers/STM32L4xx_HAL_Driver/Src/stm32l4xx_hal_tim_ex.d" -MT"Drivers/STM32L4xx_HAL_Driver/Src/stm32l4xx_hal_tim_ex.o" --specs=nano.specs -mfpu=fpv4-sp-d16 -mfloat-abi=hard -mthumb -o "Drivers/STM32L4xx_HAL_Driver/Src/stm32l4xx_hal_tim_ex.o"
arm-none-eabi-gcc "../Drivers/STM32L4xx_HAL_Driver/Src/stm32l4xx_hal_usart.c" -mcpu=cortex-m4 -std=gnu11 -g3 -DDEBUG -DUSE_HAL_DRIVER -DSTM32L432xx -c -I../Core/Inc -I../Drivers/STM32L4xx_HAL_Driver/Inc -I../Drivers/STM32L4xx_HAL_Driver/Inc/Legacy -I../Drivers/CMSIS/Device/ST/STM32L4xx/Include -I../Drivers/CMSIS/Include -O0 -ffunction-sections -fdata-sections -Wall -fstack-usage -fcyclomatic-complexity -MMD -MP -MF"Drivers/STM32L4xx_HAL_Driver/Src/stm32l4xx_hal_usart.d" -MT"Drivers/STM32L4xx_HAL_Driver/Src/stm32l4xx_hal_usart.o" --specs=nano.specs -mfpu=fpv4-sp-d16 -mfloat-abi=hard -mthumb -o "Drivers/STM32L4xx_HAL_Driver/Src/stm32l4xx_hal_usart.o"
arm-none-eabi-gcc "../Drivers/STM32L4xx_HAL_Driver/Src/stm32l4xx_hal_usart_ex.c" -mcpu=cortex-m4 -std=gnu11 -g3 -DDEBUG -DUSE_HAL_DRIVER -DSTM32L432xx -c -I../Core/Inc -I../Drivers/STM32L4xx_HAL_Driver/Inc -I../Drivers/STM32L4xx_HAL_Driver/Inc/Legacy -I../Drivers/CMSIS/Device/ST/STM32L4xx/Include -I../Drivers/CMSIS/Include -O0 -ffunction-sections -fdata-sections -Wall -fstack-usage -fcyclomatic-complexity -MMD -MP -MF"Drivers/STM32L4xx_HAL_Driver/Src/stm32l4xx_hal_usart_ex.d" -MT"Drivers/STM32L4xx_HAL_Driver/Src/stm32l4xx_hal_usart_ex.o" --specs=nano.specs -mfpu=fpv4-sp-d16 -mfloat-abi=hard -mthumb -o "Drivers/STM32L4xx_HAL_Driver/Src/stm32l4xx_hal_usart_ex.o"
arm-none-eabi-gcc -mcpu=cortex-m4 -g3 -DDEBUG -c -x assembler-with-cpp -MMD -MP -MF"Core/Startup/startup_stm32l432kcux.d" -MT"Core/Startup/startup_stm32l432kcux.o" --specs=nano.specs -mfpu=fpv4-sp-d16 -mfloat-abi=hard -mthumb -o "Core/Startup/startup_stm32l432kcux.o" "../Core/Startup/startup_stm32l432kcux.s"
arm-none-eabi-gcc "../Core/Src/lora.c" -mcpu=cortex-m4 -std=gnu11 -g3 -DDEBUG -DUSE_HAL_DRIVER -DSTM32L432xx -c -I../Core/Inc -I../Drivers/STM32L4xx_HAL_Driver/Inc -I../Drivers/STM32L4xx_HAL_Driver/Inc/Legacy -I../Drivers/CMSIS/Device/ST/STM32L4xx/Include -I../Drivers/CMSIS/Include -O0 -ffunction-sections -fdata-sections -Wall -fstack-usage -fcyclomatic-complexity -MMD -MP -MF"Core/Src/lora.d" -MT"Core/Src/lora.o" --specs=nano.specs -mfpu=fpv4-sp-d16 -mfloat-abi=hard -mthumb -o "Core/Src/lora.o"
arm-none-eabi-gcc "../Core/Src/main.c" -mcpu=cortex-m4 -std=gnu11 -g3 -DDEBUG -DUSE_HAL_DRIVER -DSTM32L432xx -c -I../Core/Inc -I../Drivers/STM32L4xx_HAL_Driver/Inc -I../Drivers/STM32L4xx_HAL_Driver/Inc/Legacy -I../Drivers/CMSIS/Device/ST/STM32L4xx/Include -I../Drivers/CMSIS/Include -O0 -ffunction-sections -fdata-sections -Wall -fstack-usage -fcyclomatic-complexity -MMD -MP -MF"Core/Src/main.d" -MT"Core/Src/main.o" --specs=nano.specs -mfpu=fpv4-sp-d16 -mfloat-abi=hard -mthumb -o "Core/Src/main.o"
arm-none-eabi-gcc "../Core/Src/stm32l4xx_hal_msp.c" -mcpu=cortex-m4 -std=gnu11 -g3 -DDEBUG -DUSE_HAL_DRIVER -DSTM32L432xx -c -I../Core/Inc -I../Drivers/STM32L4xx_HAL_Driver/Inc -I../Drivers/STM32L4xx_HAL_Driver/Inc/Legacy -I../Drivers/CMSIS/Device/ST/STM32L4xx/Include -I../Drivers/CMSIS/Include -O0 -ffunction-sections -fdata-sections -Wall -fstack-usage -fcyclomatic-complexity -MMD -MP -MF"Core/Src/stm32l4xx_hal_msp.d" -MT"Core/Src/stm32l4xx_hal_msp.o" --specs=nano.specs -mfpu=fpv4-sp-d16 -mfloat-abi=hard -mthumb -o "Core/Src/stm32l4xx_hal_msp.o"
arm-none-eabi-gcc "../Core/Src/stm32l4xx_it.c" -mcpu=cortex-m4 -std=gnu11 -g3 -DDEBUG -DUSE_HAL_DRIVER -DSTM32L432xx -c -I../Core/Inc -I../Drivers/STM32L4xx_HAL_Driver/Inc -I../Drivers/STM32L4xx_HAL_Driver/Inc/Legacy -I../Drivers/CMSIS/Device/ST/STM32L4xx/Include -I../Drivers/CMSIS/Include -O0 -ffunction-sections -fdata-sections -Wall -fstack-usage -fcyclomatic-complexity -MMD -MP -MF"Core/Src/stm32l4xx_it.d" -MT"Core/Src/stm32l4xx_it.o" --specs=nano.specs -mfpu=fpv4-sp-d16 -mfloat-abi=hard -mthumb -o "Core/Src/stm32l4xx_it.o"
../Core/Src/main.c: In function 'main':
../Core/Src/main.c:130:18: warning: cast to pointer from integer of different size [-Wint-to-pointer-cast]
  130 |   uint8_t* ver = (uint8_t *)lora_version(&lora);
      |                  ^
../Core/Src/main.c:135:51: warning: format '%x' expects argument of type 'unsigned int', but argument 3 has type 'uint8_t *' {aka 'unsigned char *'} [-Wformat=]
  135 |     sprintf(instruct, "Got wrong radio version 0x%x, expected 0x12", ver);
      |                                                  ~^                  ~~~
      |                                                   |                  |
      |                                                   unsigned int       uint8_t * {aka unsigned char *}
      |                                                  %hhn
../Core/Src/main.c:136:34: warning: pointer targets in passing argument 2 of 'HAL_USART_Transmit' differ in signedness [-Wpointer-sign]
  136 |     HAL_USART_Transmit(&husart2, instruct, strlen(instruct), 10);
      |                                  ^~~~~~~~
      |                                  |
      |                                  char *
In file included from ../Core/Inc/stm32l4xx_hal_conf.h:454,
                 from ../Drivers/STM32L4xx_HAL_Driver/Inc/stm32l4xx_hal.h:29,
                 from ../Core/Inc/main.h:30,
                 from ../Core/Src/main.c:20:
../Drivers/STM32L4xx_HAL_Driver/Inc/stm32l4xx_hal_usart.h:906:82: note: expected 'const uint8_t *' {aka 'const unsigned char *'} but argument is of type 'char *'
  906 | HAL_StatusTypeDef HAL_USART_Transmit(USART_HandleTypeDef *husart, const uint8_t *pTxData, uint16_t Size,
      |                                                                   ~~~~~~~~~~~~~~~^~~~~~~
../Core/Src/main.c:137:13: warning: passing argument 1 of 'sprintf' makes pointer from integer without a cast [-Wint-conversion]
  137 |     sprintf(version, "0x%x", ver);
      |             ^~~~~~~
      |             |
      |             char
In file included from ../Core/Src/main.c:25:
C:\ST\STM32CubeIDE_1.14.0\STM32CubeIDE\plugins\com.st.stm32cube.ide.mcu.externaltools.gnu-tools-for-stm32.11.3.rel1.win32_1.1.100.202309141235\tools\bin/../lib/gcc/arm-none-eabi/11.3.1/../../../../arm-none-eabi/include/stdio.h:254:18: note: expected 'char * restrict' but argument is of type 'char'
  254 | int     sprintf (char *__restrict, const char *__restrict, ...)
      |                  ^
../Core/Src/main.c:137:26: warning: format '%x' expects argument of type 'unsigned int', but argument 3 has type 'uint8_t *' {aka 'unsigned char *'} [-Wformat=]
  137 |     sprintf(version, "0x%x", ver);
      |                         ~^   ~~~
      |                          |   |
      |                          |   uint8_t * {aka unsigned char *}
      |                          unsigned int
      |                         %hhn
../Core/Src/main.c:138:50: warning: passing argument 1 of 'strlen' makes pointer from integer without a cast [-Wint-conversion]
  138 |     HAL_USART_Transmit(&husart2, version, strlen(version), 10);
      |                                                  ^~~~~~~
      |                                                  |
      |                                                  char
In file included from ../Core/Src/main.c:26:
C:\ST\STM32CubeIDE_1.14.0\STM32CubeIDE\plugins\com.st.stm32cube.ide.mcu.externaltools.gnu-tools-for-stm32.11.3.rel1.win32_1.1.100.202309141235\tools\bin/../lib/gcc/arm-none-eabi/11.3.1/../../../../arm-none-eabi/include/string.h:41:18: note: expected 'const char *' but argument is of type 'char'
   41 | size_t   strlen (const char *);
      |                  ^~~~~~~~~~~~
../Core/Src/main.c:138:34: warning: passing argument 2 of 'HAL_USART_Transmit' makes pointer from integer without a cast [-Wint-conversion]
  138 |     HAL_USART_Transmit(&husart2, version, strlen(version), 10);
      |                                  ^~~~~~~
      |                                  |
      |                                  char
In file included from ../Core/Inc/stm32l4xx_hal_conf.h:454,
                 from ../Drivers/STM32L4xx_HAL_Driver/Inc/stm32l4xx_hal.h:29,
                 from ../Core/Inc/main.h:30,
                 from ../Core/Src/main.c:20:
../Drivers/STM32L4xx_HAL_Driver/Inc/stm32l4xx_hal_usart.h:906:82: note: expected 'const uint8_t *' {aka 'const unsigned char *'} but argument is of type 'char'
  906 | HAL_StatusTypeDef HAL_USART_Transmit(USART_HandleTypeDef *husart, const uint8_t *pTxData, uint16_t Size,
      |                                                                   ~~~~~~~~~~~~~~~^~~~~~~
../Core/Src/main.c:158:35: warning: implicit declaration of function 'read'; did you mean 'fread'? [-Wimplicit-function-declaration]
  158 |                   uint8_t state = read(&lora, 0x12);
      |                                   ^~~~
      |                                   fread
../Core/Src/main.c:160:48: warning: pointer targets in passing argument 2 of 'HAL_USART_Transmit' differ in signedness [-Wpointer-sign]
  160 |                   HAL_USART_Transmit(&husart2, instruct, strlen(instruct), 100);
      |                                                ^~~~~~~~
      |                                                |
      |                                                char *
In file included from ../Core/Inc/stm32l4xx_hal_conf.h:454,
                 from ../Drivers/STM32L4xx_HAL_Driver/Inc/stm32l4xx_hal.h:29,
                 from ../Core/Inc/main.h:30,
                 from ../Core/Src/main.c:20:
../Drivers/STM32L4xx_HAL_Driver/Inc/stm32l4xx_hal_usart.h:906:82: note: expected 'const uint8_t *' {aka 'const unsigned char *'} but argument is of type 'char *'
  906 | HAL_StatusTypeDef HAL_USART_Transmit(USART_HandleTypeDef *husart, const uint8_t *pTxData, uint16_t Size,
      |                                                                   ~~~~~~~~~~~~~~~^~~~~~~
../Core/Src/main.c:166:62: warning: pointer targets in passing argument 2 of 'HAL_USART_Transmit' differ in signedness [-Wpointer-sign]
  166 |                                 HAL_USART_Transmit(&husart2, instruct, strlen(instruct), 10);
      |                                                              ^~~~~~~~
      |                                                              |
      |                                                              char *
In file included from ../Core/Inc/stm32l4xx_hal_conf.h:454,
                 from ../Drivers/STM32L4xx_HAL_Driver/Inc/stm32l4xx_hal.h:29,
                 from ../Core/Inc/main.h:30,
                 from ../Core/Src/main.c:20:
../Drivers/STM32L4xx_HAL_Driver/Inc/stm32l4xx_hal_usart.h:906:82: note: expected 'const uint8_t *' {aka 'const unsigned char *'} but argument is of type 'char *'
  906 | HAL_StatusTypeDef HAL_USART_Transmit(USART_HandleTypeDef *husart, const uint8_t *pTxData, uint16_t Size,
      |                                                                   ~~~~~~~~~~~~~~~^~~~~~~
../Core/Src/main.c:171:62: warning: pointer targets in passing argument 2 of 'HAL_USART_Transmit' differ in signedness [-Wpointer-sign]
  171 |                                 HAL_USART_Transmit(&husart2, instruct, strlen(instruct), 1000);
      |                                                              ^~~~~~~~
      |                                                              |
      |                                                              char *
In file included from ../Core/Inc/stm32l4xx_hal_conf.h:454,
                 from ../Drivers/STM32L4xx_HAL_Driver/Inc/stm32l4xx_hal.h:29,
                 from ../Core/Inc/main.h:30,
                 from ../Core/Src/main.c:20:
../Drivers/STM32L4xx_HAL_Driver/Inc/stm32l4xx_hal_usart.h:906:82: note: expected 'const uint8_t *' {aka 'const unsigned char *'} but argument is of type 'char *'
  906 | HAL_StatusTypeDef HAL_USART_Transmit(USART_HandleTypeDef *husart, const uint8_t *pTxData, uint16_t Size,
      |                                                                   ~~~~~~~~~~~~~~~^~~~~~~
../Core/Src/main.c:177:62: warning: pointer targets in passing argument 2 of 'HAL_USART_Transmit' differ in signedness [-Wpointer-sign]
  177 |                                 HAL_USART_Transmit(&husart2, instruct, strlen(instruct), 1000);
      |                                                              ^~~~~~~~
      |                                                              |
      |                                                              char *
In file included from ../Core/Inc/stm32l4xx_hal_conf.h:454,
                 from ../Drivers/STM32L4xx_HAL_Driver/Inc/stm32l4xx_hal.h:29,
                 from ../Core/Inc/main.h:30,
                 from ../Core/Src/main.c:20:
../Drivers/STM32L4xx_HAL_Driver/Inc/stm32l4xx_hal_usart.h:906:82: note: expected 'const uint8_t *' {aka 'const unsigned char *'} but argument is of type 'char *'
  906 | HAL_StatusTypeDef HAL_USART_Transmit(USART_HandleTypeDef *husart, const uint8_t *pTxData, uint16_t Size,
      |                                                                   ~~~~~~~~~~~~~~~^~~~~~~
arm-none-eabi-gcc "../Core/Src/syscalls.c" -mcpu=cortex-m4 -std=gnu11 -g3 -DDEBUG -DUSE_HAL_DRIVER -DSTM32L432xx -c -I../Core/Inc -I../Drivers/STM32L4xx_HAL_Driver/Inc -I../Drivers/STM32L4xx_HAL_Driver/Inc/Legacy -I../Drivers/CMSIS/Device/ST/STM32L4xx/Include -I../Drivers/CMSIS/Include -O0 -ffunction-sections -fdata-sections -Wall -fstack-usage -fcyclomatic-complexity -MMD -MP -MF"Core/Src/syscalls.d" -MT"Core/Src/syscalls.o" --specs=nano.specs -mfpu=fpv4-sp-d16 -mfloat-abi=hard -mthumb -o "Core/Src/syscalls.o"
arm-none-eabi-gcc "../Core/Src/sysmem.c" -mcpu=cortex-m4 -std=gnu11 -g3 -DDEBUG -DUSE_HAL_DRIVER -DSTM32L432xx -c -I../Core/Inc -I../Drivers/STM32L4xx_HAL_Driver/Inc -I../Drivers/STM32L4xx_HAL_Driver/Inc/Legacy -I../Drivers/CMSIS/Device/ST/STM32L4xx/Include -I../Drivers/CMSIS/Include -O0 -ffunction-sections -fdata-sections -Wall -fstack-usage -fcyclomatic-complexity -MMD -MP -MF"Core/Src/sysmem.d" -MT"Core/Src/sysmem.o" --specs=nano.specs -mfpu=fpv4-sp-d16 -mfloat-abi=hard -mthumb -o "Core/Src/sysmem.o"
arm-none-eabi-gcc "../Core/Src/system_stm32l4xx.c" -mcpu=cortex-m4 -std=gnu11 -g3 -DDEBUG -DUSE_HAL_DRIVER -DSTM32L432xx -c -I../Core/Inc -I../Drivers/STM32L4xx_HAL_Driver/Inc -I../Drivers/STM32L4xx_HAL_Driver/Inc/Legacy -I../Drivers/CMSIS/Device/ST/STM32L4xx/Include -I../Drivers/CMSIS/Include -O0 -ffunction-sections -fdata-sections -Wall -fstack-usage -fcyclomatic-complexity -MMD -MP -MF"Core/Src/system_stm32l4xx.d" -MT"Core/Src/system_stm32l4xx.o" --specs=nano.specs -mfpu=fpv4-sp-d16 -mfloat-abi=hard -mthumb -o "Core/Src/system_stm32l4xx.o"
arm-none-eabi-gcc -o "STM32-RFM95.elf" @"objects.list"   -mcpu=cortex-m4 -T"C:\Users\salma\OneDrive\Desktop\Capstone\Code\bme680\STM32-RFM95\STM32L432KCUX_FLASH.ld" --specs=nosys.specs -Wl,-Map="STM32-RFM95.map" -Wl,--gc-sections -static --specs=nano.specs -mfpu=fpv4-sp-d16 -mfloat-abi=hard -mthumb -Wl,--start-group -lc -lm -Wl,--end-group
Finished building target: STM32-RFM95.elf
 
arm-none-eabi-size  STM32-RFM95.elf 
arm-none-eabi-objdump -h -S STM32-RFM95.elf  > "STM32-RFM95.list"
   text	   data	    bss	    dec	    hex	filename
  21520	    104	   2136	  23760	   5cd0	STM32-RFM95.elf
Finished building: default.size.stdout
 
Finished building: STM32-RFM95.list
 
19:57:13 **** Incremental Build of configuration Debug for project STM32-RFM95 ****
make -j8 all 
arm-none-eabi-gcc "../Core/Src/main.c" -mcpu=cortex-m4 -std=gnu11 -g3 -DDEBUG -DUSE_HAL_DRIVER -DSTM32L432xx -c -I../Core/Inc -I../Drivers/STM32L4xx_HAL_Driver/Inc -I../Drivers/STM32L4xx_HAL_Driver/Inc/Legacy -I../Drivers/CMSIS/Device/ST/STM32L4xx/Include -I../Drivers/CMSIS/Include -O0 -ffunction-sections -fdata-sections -Wall -fstack-usage -fcyclomatic-complexity -MMD -MP -MF"Core/Src/main.d" -MT"Core/Src/main.o" --specs=nano.specs -mfpu=fpv4-sp-d16 -mfloat-abi=hard -mthumb -o "Core/Src/main.o"
../Core/Src/main.c: In function 'main':
../Core/Src/main.c:130:18: warning: cast to pointer from integer of different size [-Wint-to-pointer-cast]
  130 |   uint8_t* ver = (uint8_t *)lora_version(&lora);
      |                  ^
../Core/Src/main.c:135:51: warning: format '%x' expects argument of type 'unsigned int', but argument 3 has type 'uint8_t *' {aka 'unsigned char *'} [-Wformat=]
  135 |     sprintf(instruct, "Got wrong radio version 0x%x, expected 0x12", ver);
      |                                                  ~^                  ~~~
      |                                                   |                  |
      |                                                   unsigned int       uint8_t * {aka unsigned char *}
      |                                                  %hhn
../Core/Src/main.c:136:34: warning: pointer targets in passing argument 2 of 'HAL_USART_Transmit' differ in signedness [-Wpointer-sign]
  136 |     HAL_USART_Transmit(&husart2, instruct, strlen(instruct), 10);
      |                                  ^~~~~~~~
      |                                  |
      |                                  char *
In file included from ../Core/Inc/stm32l4xx_hal_conf.h:454,
                 from ../Drivers/STM32L4xx_HAL_Driver/Inc/stm32l4xx_hal.h:29,
                 from ../Core/Inc/main.h:30,
                 from ../Core/Src/main.c:20:
../Drivers/STM32L4xx_HAL_Driver/Inc/stm32l4xx_hal_usart.h:906:82: note: expected 'const uint8_t *' {aka 'const unsigned char *'} but argument is of type 'char *'
  906 | HAL_StatusTypeDef HAL_USART_Transmit(USART_HandleTypeDef *husart, const uint8_t *pTxData, uint16_t Size,
      |                                                                   ~~~~~~~~~~~~~~~^~~~~~~
../Core/Src/main.c:137:13: warning: passing argument 1 of 'sprintf' makes pointer from integer without a cast [-Wint-conversion]
  137 |     sprintf(version, "0x%x", ver);
      |             ^~~~~~~
      |             |
      |             char
In file included from ../Core/Src/main.c:25:
C:\ST\STM32CubeIDE_1.14.0\STM32CubeIDE\plugins\com.st.stm32cube.ide.mcu.externaltools.gnu-tools-for-stm32.11.3.rel1.win32_1.1.100.202309141235\tools\bin/../lib/gcc/arm-none-eabi/11.3.1/../../../../arm-none-eabi/include/stdio.h:254:18: note: expected 'char * restrict' but argument is of type 'char'
  254 | int     sprintf (char *__restrict, const char *__restrict, ...)
      |                  ^
../Core/Src/main.c:137:26: warning: format '%x' expects argument of type 'unsigned int', but argument 3 has type 'uint8_t *' {aka 'unsigned char *'} [-Wformat=]
  137 |     sprintf(version, "0x%x", ver);
      |                         ~^   ~~~
      |                          |   |
      |                          |   uint8_t * {aka unsigned char *}
      |                          unsigned int
      |                         %hhn
../Core/Src/main.c:138:50: warning: passing argument 1 of 'strlen' makes pointer from integer without a cast [-Wint-conversion]
  138 |     HAL_USART_Transmit(&husart2, version, strlen(version), 10);
      |                                                  ^~~~~~~
      |                                                  |
      |                                                  char
In file included from ../Core/Src/main.c:26:
C:\ST\STM32CubeIDE_1.14.0\STM32CubeIDE\plugins\com.st.stm32cube.ide.mcu.externaltools.gnu-tools-for-stm32.11.3.rel1.win32_1.1.100.202309141235\tools\bin/../lib/gcc/arm-none-eabi/11.3.1/../../../../arm-none-eabi/include/string.h:41:18: note: expected 'const char *' but argument is of type 'char'
   41 | size_t   strlen (const char *);
      |                  ^~~~~~~~~~~~
../Core/Src/main.c:138:34: warning: passing argument 2 of 'HAL_USART_Transmit' makes pointer from integer without a cast [-Wint-conversion]
  138 |     HAL_USART_Transmit(&husart2, version, strlen(version), 10);
      |                                  ^~~~~~~
      |                                  |
      |                                  char
In file included from ../Core/Inc/stm32l4xx_hal_conf.h:454,
                 from ../Drivers/STM32L4xx_HAL_Driver/Inc/stm32l4xx_hal.h:29,
                 from ../Core/Inc/main.h:30,
                 from ../Core/Src/main.c:20:
../Drivers/STM32L4xx_HAL_Driver/Inc/stm32l4xx_hal_usart.h:906:82: note: expected 'const uint8_t *' {aka 'const unsigned char *'} but argument is of type 'char'
  906 | HAL_StatusTypeDef HAL_USART_Transmit(USART_HandleTypeDef *husart, const uint8_t *pTxData, uint16_t Size,
      |                                                                   ~~~~~~~~~~~~~~~^~~~~~~
../Core/Src/main.c:158:35: warning: implicit declaration of function 'read'; did you mean 'fread'? [-Wimplicit-function-declaration]
  158 |                   uint8_t state = read(&lora, 0x12);
      |                                   ^~~~
      |                                   fread
../Core/Src/main.c:160:48: warning: pointer targets in passing argument 2 of 'HAL_USART_Transmit' differ in signedness [-Wpointer-sign]
  160 |                   HAL_USART_Transmit(&husart2, instruct, strlen(instruct), 100);
      |                                                ^~~~~~~~
      |                                                |
      |                                                char *
In file included from ../Core/Inc/stm32l4xx_hal_conf.h:454,
                 from ../Drivers/STM32L4xx_HAL_Driver/Inc/stm32l4xx_hal.h:29,
                 from ../Core/Inc/main.h:30,
                 from ../Core/Src/main.c:20:
../Drivers/STM32L4xx_HAL_Driver/Inc/stm32l4xx_hal_usart.h:906:82: note: expected 'const uint8_t *' {aka 'const unsigned char *'} but argument is of type 'char *'
  906 | HAL_StatusTypeDef HAL_USART_Transmit(USART_HandleTypeDef *husart, const uint8_t *pTxData, uint16_t Size,
      |                                                                   ~~~~~~~~~~~~~~~^~~~~~~
../Core/Src/main.c:166:62: warning: pointer targets in passing argument 2 of 'HAL_USART_Transmit' differ in signedness [-Wpointer-sign]
  166 |                                 HAL_USART_Transmit(&husart2, instruct, strlen(instruct), 10);
      |                                                              ^~~~~~~~
      |                                                              |
      |                                                              char *
In file included from ../Core/Inc/stm32l4xx_hal_conf.h:454,
                 from ../Drivers/STM32L4xx_HAL_Driver/Inc/stm32l4xx_hal.h:29,
                 from ../Core/Inc/main.h:30,
                 from ../Core/Src/main.c:20:
../Drivers/STM32L4xx_HAL_Driver/Inc/stm32l4xx_hal_usart.h:906:82: note: expected 'const uint8_t *' {aka 'const unsigned char *'} but argument is of type 'char *'
  906 | HAL_StatusTypeDef HAL_USART_Transmit(USART_HandleTypeDef *husart, const uint8_t *pTxData, uint16_t Size,
      |                                                                   ~~~~~~~~~~~~~~~^~~~~~~
../Core/Src/main.c:171:62: warning: pointer targets in passing argument 2 of 'HAL_USART_Transmit' differ in signedness [-Wpointer-sign]
  171 |                                 HAL_USART_Transmit(&husart2, instruct, strlen(instruct), 1000);
      |                                                              ^~~~~~~~
      |                                                              |
      |                                                              char *
In file included from ../Core/Inc/stm32l4xx_hal_conf.h:454,
                 from ../Drivers/STM32L4xx_HAL_Driver/Inc/stm32l4xx_hal.h:29,
                 from ../Core/Inc/main.h:30,
                 from ../Core/Src/main.c:20:
../Drivers/STM32L4xx_HAL_Driver/Inc/stm32l4xx_hal_usart.h:906:82: note: expected 'const uint8_t *' {aka 'const unsigned char *'} but argument is of type 'char *'
  906 | HAL_StatusTypeDef HAL_USART_Transmit(USART_HandleTypeDef *husart, const uint8_t *pTxData, uint16_t Size,
      |                                                                   ~~~~~~~~~~~~~~~^~~~~~~
../Core/Src/main.c:177:62: warning: pointer targets in passing argument 2 of 'HAL_USART_Transmit' differ in signedness [-Wpointer-sign]
  177 |                                 HAL_USART_Transmit(&husart2, instruct, strlen(instruct), 1000);
      |                                                              ^~~~~~~~
      |                                                              |
      |                                                              char *
In file included from ../Core/Inc/stm32l4xx_hal_conf.h:454,
                 from ../Drivers/STM32L4xx_HAL_Driver/Inc/stm32l4xx_hal.h:29,
                 from ../Core/Inc/main.h:30,
                 from ../Core/Src/main.c:20:
../Drivers/STM32L4xx_HAL_Driver/Inc/stm32l4xx_hal_usart.h:906:82: note: expected 'const uint8_t *' {aka 'const unsigned char *'} but argument is of type 'char *'
  906 | HAL_StatusTypeDef HAL_USART_Transmit(USART_HandleTypeDef *husart, const uint8_t *pTxData, uint16_t Size,
      |                                                                   ~~~~~~~~~~~~~~~^~~~~~~
arm-none-eabi-gcc -o "STM32-RFM95.elf" @"objects.list"   -mcpu=cortex-m4 -T"C:\Users\salma\OneDrive\Desktop\Capstone\Code\bme680\STM32-RFM95\STM32L432KCUX_FLASH.ld" --specs=nosys.specs -Wl,-Map="STM32-RFM95.map" -Wl,--gc-sections -static --specs=nano.specs -mfpu=fpv4-sp-d16 -mfloat-abi=hard -mthumb -Wl,--start-group -lc -lm -Wl,--end-group
Finished building target: STM32-RFM95.elf
 
arm-none-eabi-size  STM32-RFM95.elf 
arm-none-eabi-objdump -h -S STM32-RFM95.elf  > "STM32-RFM95.list"
   text	   data	    bss	    dec	    hex	filename
  21520	    104	   2136	  23760	   5cd0	STM32-RFM95.elf
Finished building: default.size.stdout
 
Finished building: STM32-RFM95.list
 
20:55:48 **** Build of configuration Debug for project SMotlaqLORA ****
make -j8 all 
arm-none-eabi-gcc "C:/Users/salma/OneDrive/Desktop/Capstone-WIP/SMotLORA/Core/LoRa/LoRa.c" -mcpu=cortex-m4 -std=gnu11 -g3 -DDEBUG -DUSE_HAL_DRIVER -DSTM32L432xx -c -I../Core/Inc -I../Drivers/STM32L4xx_HAL_Driver/Inc -I../Drivers/STM32L4xx_HAL_Driver/Inc/Legacy -I../Drivers/CMSIS/Device/ST/STM32L4xx/Include -I../Drivers/CMSIS/Include -I"C:/Users/salma/OneDrive/Desktop/Capstone-WIP/SMotLORA/Core/LoRa" -O0 -ffunction-sections -fdata-sections -Wall -fstack-usage -fcyclomatic-complexity -MMD -MP -MF"LoRa/LoRa.d" -MT"LoRa/LoRa.o" --specs=nano.specs -mfpu=fpv4-sp-d16 -mfloat-abi=hard -mthumb -o "LoRa/LoRa.o"
arm-none-eabi-gcc "../Drivers/STM32L4xx_HAL_Driver/Src/stm32l4xx_hal.c" -mcpu=cortex-m4 -std=gnu11 -g3 -DDEBUG -DUSE_HAL_DRIVER -DSTM32L432xx -c -I../Core/Inc -I../Drivers/STM32L4xx_HAL_Driver/Inc -I../Drivers/STM32L4xx_HAL_Driver/Inc/Legacy -I../Drivers/CMSIS/Device/ST/STM32L4xx/Include -I../Drivers/CMSIS/Include -I"C:/Users/salma/OneDrive/Desktop/Capstone-WIP/SMotLORA/Core/LoRa" -O0 -ffunction-sections -fdata-sections -Wall -fstack-usage -fcyclomatic-complexity -MMD -MP -MF"Drivers/STM32L4xx_HAL_Driver/Src/stm32l4xx_hal.d" -MT"Drivers/STM32L4xx_HAL_Driver/Src/stm32l4xx_hal.o" --specs=nano.specs -mfpu=fpv4-sp-d16 -mfloat-abi=hard -mthumb -o "Drivers/STM32L4xx_HAL_Driver/Src/stm32l4xx_hal.o"
arm-none-eabi-gcc "../Drivers/STM32L4xx_HAL_Driver/Src/stm32l4xx_hal_cortex.c" -mcpu=cortex-m4 -std=gnu11 -g3 -DDEBUG -DUSE_HAL_DRIVER -DSTM32L432xx -c -I../Core/Inc -I../Drivers/STM32L4xx_HAL_Driver/Inc -I../Drivers/STM32L4xx_HAL_Driver/Inc/Legacy -I../Drivers/CMSIS/Device/ST/STM32L4xx/Include -I../Drivers/CMSIS/Include -I"C:/Users/salma/OneDrive/Desktop/Capstone-WIP/SMotLORA/Core/LoRa" -O0 -ffunction-sections -fdata-sections -Wall -fstack-usage -fcyclomatic-complexity -MMD -MP -MF"Drivers/STM32L4xx_HAL_Driver/Src/stm32l4xx_hal_cortex.d" -MT"Drivers/STM32L4xx_HAL_Driver/Src/stm32l4xx_hal_cortex.o" --specs=nano.specs -mfpu=fpv4-sp-d16 -mfloat-abi=hard -mthumb -o "Drivers/STM32L4xx_HAL_Driver/Src/stm32l4xx_hal_cortex.o"
arm-none-eabi-gcc "../Drivers/STM32L4xx_HAL_Driver/Src/stm32l4xx_hal_dma.c" -mcpu=cortex-m4 -std=gnu11 -g3 -DDEBUG -DUSE_HAL_DRIVER -DSTM32L432xx -c -I../Core/Inc -I../Drivers/STM32L4xx_HAL_Driver/Inc -I../Drivers/STM32L4xx_HAL_Driver/Inc/Legacy -I../Drivers/CMSIS/Device/ST/STM32L4xx/Include -I../Drivers/CMSIS/Include -I"C:/Users/salma/OneDrive/Desktop/Capstone-WIP/SMotLORA/Core/LoRa" -O0 -ffunction-sections -fdata-sections -Wall -fstack-usage -fcyclomatic-complexity -MMD -MP -MF"Drivers/STM32L4xx_HAL_Driver/Src/stm32l4xx_hal_dma.d" -MT"Drivers/STM32L4xx_HAL_Driver/Src/stm32l4xx_hal_dma.o" --specs=nano.specs -mfpu=fpv4-sp-d16 -mfloat-abi=hard -mthumb -o "Drivers/STM32L4xx_HAL_Driver/Src/stm32l4xx_hal_dma.o"
arm-none-eabi-gcc "../Drivers/STM32L4xx_HAL_Driver/Src/stm32l4xx_hal_dma_ex.c" -mcpu=cortex-m4 -std=gnu11 -g3 -DDEBUG -DUSE_HAL_DRIVER -DSTM32L432xx -c -I../Core/Inc -I../Drivers/STM32L4xx_HAL_Driver/Inc -I../Drivers/STM32L4xx_HAL_Driver/Inc/Legacy -I../Drivers/CMSIS/Device/ST/STM32L4xx/Include -I../Drivers/CMSIS/Include -I"C:/Users/salma/OneDrive/Desktop/Capstone-WIP/SMotLORA/Core/LoRa" -O0 -ffunction-sections -fdata-sections -Wall -fstack-usage -fcyclomatic-complexity -MMD -MP -MF"Drivers/STM32L4xx_HAL_Driver/Src/stm32l4xx_hal_dma_ex.d" -MT"Drivers/STM32L4xx_HAL_Driver/Src/stm32l4xx_hal_dma_ex.o" --specs=nano.specs -mfpu=fpv4-sp-d16 -mfloat-abi=hard -mthumb -o "Drivers/STM32L4xx_HAL_Driver/Src/stm32l4xx_hal_dma_ex.o"
arm-none-eabi-gcc "../Drivers/STM32L4xx_HAL_Driver/Src/stm32l4xx_hal_exti.c" -mcpu=cortex-m4 -std=gnu11 -g3 -DDEBUG -DUSE_HAL_DRIVER -DSTM32L432xx -c -I../Core/Inc -I../Drivers/STM32L4xx_HAL_Driver/Inc -I../Drivers/STM32L4xx_HAL_Driver/Inc/Legacy -I../Drivers/CMSIS/Device/ST/STM32L4xx/Include -I../Drivers/CMSIS/Include -I"C:/Users/salma/OneDrive/Desktop/Capstone-WIP/SMotLORA/Core/LoRa" -O0 -ffunction-sections -fdata-sections -Wall -fstack-usage -fcyclomatic-complexity -MMD -MP -MF"Drivers/STM32L4xx_HAL_Driver/Src/stm32l4xx_hal_exti.d" -MT"Drivers/STM32L4xx_HAL_Driver/Src/stm32l4xx_hal_exti.o" --specs=nano.specs -mfpu=fpv4-sp-d16 -mfloat-abi=hard -mthumb -o "Drivers/STM32L4xx_HAL_Driver/Src/stm32l4xx_hal_exti.o"
arm-none-eabi-gcc "../Drivers/STM32L4xx_HAL_Driver/Src/stm32l4xx_hal_flash.c" -mcpu=cortex-m4 -std=gnu11 -g3 -DDEBUG -DUSE_HAL_DRIVER -DSTM32L432xx -c -I../Core/Inc -I../Drivers/STM32L4xx_HAL_Driver/Inc -I../Drivers/STM32L4xx_HAL_Driver/Inc/Legacy -I../Drivers/CMSIS/Device/ST/STM32L4xx/Include -I../Drivers/CMSIS/Include -I"C:/Users/salma/OneDrive/Desktop/Capstone-WIP/SMotLORA/Core/LoRa" -O0 -ffunction-sections -fdata-sections -Wall -fstack-usage -fcyclomatic-complexity -MMD -MP -MF"Drivers/STM32L4xx_HAL_Driver/Src/stm32l4xx_hal_flash.d" -MT"Drivers/STM32L4xx_HAL_Driver/Src/stm32l4xx_hal_flash.o" --specs=nano.specs -mfpu=fpv4-sp-d16 -mfloat-abi=hard -mthumb -o "Drivers/STM32L4xx_HAL_Driver/Src/stm32l4xx_hal_flash.o"
arm-none-eabi-gcc "../Drivers/STM32L4xx_HAL_Driver/Src/stm32l4xx_hal_flash_ex.c" -mcpu=cortex-m4 -std=gnu11 -g3 -DDEBUG -DUSE_HAL_DRIVER -DSTM32L432xx -c -I../Core/Inc -I../Drivers/STM32L4xx_HAL_Driver/Inc -I../Drivers/STM32L4xx_HAL_Driver/Inc/Legacy -I../Drivers/CMSIS/Device/ST/STM32L4xx/Include -I../Drivers/CMSIS/Include -I"C:/Users/salma/OneDrive/Desktop/Capstone-WIP/SMotLORA/Core/LoRa" -O0 -ffunction-sections -fdata-sections -Wall -fstack-usage -fcyclomatic-complexity -MMD -MP -MF"Drivers/STM32L4xx_HAL_Driver/Src/stm32l4xx_hal_flash_ex.d" -MT"Drivers/STM32L4xx_HAL_Driver/Src/stm32l4xx_hal_flash_ex.o" --specs=nano.specs -mfpu=fpv4-sp-d16 -mfloat-abi=hard -mthumb -o "Drivers/STM32L4xx_HAL_Driver/Src/stm32l4xx_hal_flash_ex.o"
In file included from C:/Users/salma/OneDrive/Desktop/Capstone-WIP/SMotLORA/Core/LoRa/LoRa.c:1:
C:/Users/salma/OneDrive/Desktop/Capstone-WIP/SMotLORA/Core/LoRa/LoRa.h:1:1: warning: multi-line comment [-Wcomment]
    1 | // -------------------------------------------------- \\
      | ^
arm-none-eabi-gcc "../Drivers/STM32L4xx_HAL_Driver/Src/stm32l4xx_hal_flash_ramfunc.c" -mcpu=cortex-m4 -std=gnu11 -g3 -DDEBUG -DUSE_HAL_DRIVER -DSTM32L432xx -c -I../Core/Inc -I../Drivers/STM32L4xx_HAL_Driver/Inc -I../Drivers/STM32L4xx_HAL_Driver/Inc/Legacy -I../Drivers/CMSIS/Device/ST/STM32L4xx/Include -I../Drivers/CMSIS/Include -I"C:/Users/salma/OneDrive/Desktop/Capstone-WIP/SMotLORA/Core/LoRa" -O0 -ffunction-sections -fdata-sections -Wall -fstack-usage -fcyclomatic-complexity -MMD -MP -MF"Drivers/STM32L4xx_HAL_Driver/Src/stm32l4xx_hal_flash_ramfunc.d" -MT"Drivers/STM32L4xx_HAL_Driver/Src/stm32l4xx_hal_flash_ramfunc.o" --specs=nano.specs -mfpu=fpv4-sp-d16 -mfloat-abi=hard -mthumb -o "Drivers/STM32L4xx_HAL_Driver/Src/stm32l4xx_hal_flash_ramfunc.o"
arm-none-eabi-gcc "../Drivers/STM32L4xx_HAL_Driver/Src/stm32l4xx_hal_gpio.c" -mcpu=cortex-m4 -std=gnu11 -g3 -DDEBUG -DUSE_HAL_DRIVER -DSTM32L432xx -c -I../Core/Inc -I../Drivers/STM32L4xx_HAL_Driver/Inc -I../Drivers/STM32L4xx_HAL_Driver/Inc/Legacy -I../Drivers/CMSIS/Device/ST/STM32L4xx/Include -I../Drivers/CMSIS/Include -I"C:/Users/salma/OneDrive/Desktop/Capstone-WIP/SMotLORA/Core/LoRa" -O0 -ffunction-sections -fdata-sections -Wall -fstack-usage -fcyclomatic-complexity -MMD -MP -MF"Drivers/STM32L4xx_HAL_Driver/Src/stm32l4xx_hal_gpio.d" -MT"Drivers/STM32L4xx_HAL_Driver/Src/stm32l4xx_hal_gpio.o" --specs=nano.specs -mfpu=fpv4-sp-d16 -mfloat-abi=hard -mthumb -o "Drivers/STM32L4xx_HAL_Driver/Src/stm32l4xx_hal_gpio.o"
arm-none-eabi-gcc "../Drivers/STM32L4xx_HAL_Driver/Src/stm32l4xx_hal_i2c.c" -mcpu=cortex-m4 -std=gnu11 -g3 -DDEBUG -DUSE_HAL_DRIVER -DSTM32L432xx -c -I../Core/Inc -I../Drivers/STM32L4xx_HAL_Driver/Inc -I../Drivers/STM32L4xx_HAL_Driver/Inc/Legacy -I../Drivers/CMSIS/Device/ST/STM32L4xx/Include -I../Drivers/CMSIS/Include -I"C:/Users/salma/OneDrive/Desktop/Capstone-WIP/SMotLORA/Core/LoRa" -O0 -ffunction-sections -fdata-sections -Wall -fstack-usage -fcyclomatic-complexity -MMD -MP -MF"Drivers/STM32L4xx_HAL_Driver/Src/stm32l4xx_hal_i2c.d" -MT"Drivers/STM32L4xx_HAL_Driver/Src/stm32l4xx_hal_i2c.o" --specs=nano.specs -mfpu=fpv4-sp-d16 -mfloat-abi=hard -mthumb -o "Drivers/STM32L4xx_HAL_Driver/Src/stm32l4xx_hal_i2c.o"
arm-none-eabi-gcc "../Drivers/STM32L4xx_HAL_Driver/Src/stm32l4xx_hal_i2c_ex.c" -mcpu=cortex-m4 -std=gnu11 -g3 -DDEBUG -DUSE_HAL_DRIVER -DSTM32L432xx -c -I../Core/Inc -I../Drivers/STM32L4xx_HAL_Driver/Inc -I../Drivers/STM32L4xx_HAL_Driver/Inc/Legacy -I../Drivers/CMSIS/Device/ST/STM32L4xx/Include -I../Drivers/CMSIS/Include -I"C:/Users/salma/OneDrive/Desktop/Capstone-WIP/SMotLORA/Core/LoRa" -O0 -ffunction-sections -fdata-sections -Wall -fstack-usage -fcyclomatic-complexity -MMD -MP -MF"Drivers/STM32L4xx_HAL_Driver/Src/stm32l4xx_hal_i2c_ex.d" -MT"Drivers/STM32L4xx_HAL_Driver/Src/stm32l4xx_hal_i2c_ex.o" --specs=nano.specs -mfpu=fpv4-sp-d16 -mfloat-abi=hard -mthumb -o "Drivers/STM32L4xx_HAL_Driver/Src/stm32l4xx_hal_i2c_ex.o"
arm-none-eabi-gcc "../Drivers/STM32L4xx_HAL_Driver/Src/stm32l4xx_hal_pwr.c" -mcpu=cortex-m4 -std=gnu11 -g3 -DDEBUG -DUSE_HAL_DRIVER -DSTM32L432xx -c -I../Core/Inc -I../Drivers/STM32L4xx_HAL_Driver/Inc -I../Drivers/STM32L4xx_HAL_Driver/Inc/Legacy -I../Drivers/CMSIS/Device/ST/STM32L4xx/Include -I../Drivers/CMSIS/Include -I"C:/Users/salma/OneDrive/Desktop/Capstone-WIP/SMotLORA/Core/LoRa" -O0 -ffunction-sections -fdata-sections -Wall -fstack-usage -fcyclomatic-complexity -MMD -MP -MF"Drivers/STM32L4xx_HAL_Driver/Src/stm32l4xx_hal_pwr.d" -MT"Drivers/STM32L4xx_HAL_Driver/Src/stm32l4xx_hal_pwr.o" --specs=nano.specs -mfpu=fpv4-sp-d16 -mfloat-abi=hard -mthumb -o "Drivers/STM32L4xx_HAL_Driver/Src/stm32l4xx_hal_pwr.o"
arm-none-eabi-gcc "../Drivers/STM32L4xx_HAL_Driver/Src/stm32l4xx_hal_pwr_ex.c" -mcpu=cortex-m4 -std=gnu11 -g3 -DDEBUG -DUSE_HAL_DRIVER -DSTM32L432xx -c -I../Core/Inc -I../Drivers/STM32L4xx_HAL_Driver/Inc -I../Drivers/STM32L4xx_HAL_Driver/Inc/Legacy -I../Drivers/CMSIS/Device/ST/STM32L4xx/Include -I../Drivers/CMSIS/Include -I"C:/Users/salma/OneDrive/Desktop/Capstone-WIP/SMotLORA/Core/LoRa" -O0 -ffunction-sections -fdata-sections -Wall -fstack-usage -fcyclomatic-complexity -MMD -MP -MF"Drivers/STM32L4xx_HAL_Driver/Src/stm32l4xx_hal_pwr_ex.d" -MT"Drivers/STM32L4xx_HAL_Driver/Src/stm32l4xx_hal_pwr_ex.o" --specs=nano.specs -mfpu=fpv4-sp-d16 -mfloat-abi=hard -mthumb -o "Drivers/STM32L4xx_HAL_Driver/Src/stm32l4xx_hal_pwr_ex.o"
arm-none-eabi-gcc "../Drivers/STM32L4xx_HAL_Driver/Src/stm32l4xx_hal_rcc.c" -mcpu=cortex-m4 -std=gnu11 -g3 -DDEBUG -DUSE_HAL_DRIVER -DSTM32L432xx -c -I../Core/Inc -I../Drivers/STM32L4xx_HAL_Driver/Inc -I../Drivers/STM32L4xx_HAL_Driver/Inc/Legacy -I../Drivers/CMSIS/Device/ST/STM32L4xx/Include -I../Drivers/CMSIS/Include -I"C:/Users/salma/OneDrive/Desktop/Capstone-WIP/SMotLORA/Core/LoRa" -O0 -ffunction-sections -fdata-sections -Wall -fstack-usage -fcyclomatic-complexity -MMD -MP -MF"Drivers/STM32L4xx_HAL_Driver/Src/stm32l4xx_hal_rcc.d" -MT"Drivers/STM32L4xx_HAL_Driver/Src/stm32l4xx_hal_rcc.o" --specs=nano.specs -mfpu=fpv4-sp-d16 -mfloat-abi=hard -mthumb -o "Drivers/STM32L4xx_HAL_Driver/Src/stm32l4xx_hal_rcc.o"
arm-none-eabi-gcc "../Drivers/STM32L4xx_HAL_Driver/Src/stm32l4xx_hal_rcc_ex.c" -mcpu=cortex-m4 -std=gnu11 -g3 -DDEBUG -DUSE_HAL_DRIVER -DSTM32L432xx -c -I../Core/Inc -I../Drivers/STM32L4xx_HAL_Driver/Inc -I../Drivers/STM32L4xx_HAL_Driver/Inc/Legacy -I../Drivers/CMSIS/Device/ST/STM32L4xx/Include -I../Drivers/CMSIS/Include -I"C:/Users/salma/OneDrive/Desktop/Capstone-WIP/SMotLORA/Core/LoRa" -O0 -ffunction-sections -fdata-sections -Wall -fstack-usage -fcyclomatic-complexity -MMD -MP -MF"Drivers/STM32L4xx_HAL_Driver/Src/stm32l4xx_hal_rcc_ex.d" -MT"Drivers/STM32L4xx_HAL_Driver/Src/stm32l4xx_hal_rcc_ex.o" --specs=nano.specs -mfpu=fpv4-sp-d16 -mfloat-abi=hard -mthumb -o "Drivers/STM32L4xx_HAL_Driver/Src/stm32l4xx_hal_rcc_ex.o"
arm-none-eabi-gcc "../Drivers/STM32L4xx_HAL_Driver/Src/stm32l4xx_hal_spi.c" -mcpu=cortex-m4 -std=gnu11 -g3 -DDEBUG -DUSE_HAL_DRIVER -DSTM32L432xx -c -I../Core/Inc -I../Drivers/STM32L4xx_HAL_Driver/Inc -I../Drivers/STM32L4xx_HAL_Driver/Inc/Legacy -I../Drivers/CMSIS/Device/ST/STM32L4xx/Include -I../Drivers/CMSIS/Include -I"C:/Users/salma/OneDrive/Desktop/Capstone-WIP/SMotLORA/Core/LoRa" -O0 -ffunction-sections -fdata-sections -Wall -fstack-usage -fcyclomatic-complexity -MMD -MP -MF"Drivers/STM32L4xx_HAL_Driver/Src/stm32l4xx_hal_spi.d" -MT"Drivers/STM32L4xx_HAL_Driver/Src/stm32l4xx_hal_spi.o" --specs=nano.specs -mfpu=fpv4-sp-d16 -mfloat-abi=hard -mthumb -o "Drivers/STM32L4xx_HAL_Driver/Src/stm32l4xx_hal_spi.o"
arm-none-eabi-gcc "../Drivers/STM32L4xx_HAL_Driver/Src/stm32l4xx_hal_spi_ex.c" -mcpu=cortex-m4 -std=gnu11 -g3 -DDEBUG -DUSE_HAL_DRIVER -DSTM32L432xx -c -I../Core/Inc -I../Drivers/STM32L4xx_HAL_Driver/Inc -I../Drivers/STM32L4xx_HAL_Driver/Inc/Legacy -I../Drivers/CMSIS/Device/ST/STM32L4xx/Include -I../Drivers/CMSIS/Include -I"C:/Users/salma/OneDrive/Desktop/Capstone-WIP/SMotLORA/Core/LoRa" -O0 -ffunction-sections -fdata-sections -Wall -fstack-usage -fcyclomatic-complexity -MMD -MP -MF"Drivers/STM32L4xx_HAL_Driver/Src/stm32l4xx_hal_spi_ex.d" -MT"Drivers/STM32L4xx_HAL_Driver/Src/stm32l4xx_hal_spi_ex.o" --specs=nano.specs -mfpu=fpv4-sp-d16 -mfloat-abi=hard -mthumb -o "Drivers/STM32L4xx_HAL_Driver/Src/stm32l4xx_hal_spi_ex.o"
arm-none-eabi-gcc "../Drivers/STM32L4xx_HAL_Driver/Src/stm32l4xx_hal_tim.c" -mcpu=cortex-m4 -std=gnu11 -g3 -DDEBUG -DUSE_HAL_DRIVER -DSTM32L432xx -c -I../Core/Inc -I../Drivers/STM32L4xx_HAL_Driver/Inc -I../Drivers/STM32L4xx_HAL_Driver/Inc/Legacy -I../Drivers/CMSIS/Device/ST/STM32L4xx/Include -I../Drivers/CMSIS/Include -I"C:/Users/salma/OneDrive/Desktop/Capstone-WIP/SMotLORA/Core/LoRa" -O0 -ffunction-sections -fdata-sections -Wall -fstack-usage -fcyclomatic-complexity -MMD -MP -MF"Drivers/STM32L4xx_HAL_Driver/Src/stm32l4xx_hal_tim.d" -MT"Drivers/STM32L4xx_HAL_Driver/Src/stm32l4xx_hal_tim.o" --specs=nano.specs -mfpu=fpv4-sp-d16 -mfloat-abi=hard -mthumb -o "Drivers/STM32L4xx_HAL_Driver/Src/stm32l4xx_hal_tim.o"
arm-none-eabi-gcc "../Drivers/STM32L4xx_HAL_Driver/Src/stm32l4xx_hal_tim_ex.c" -mcpu=cortex-m4 -std=gnu11 -g3 -DDEBUG -DUSE_HAL_DRIVER -DSTM32L432xx -c -I../Core/Inc -I../Drivers/STM32L4xx_HAL_Driver/Inc -I../Drivers/STM32L4xx_HAL_Driver/Inc/Legacy -I../Drivers/CMSIS/Device/ST/STM32L4xx/Include -I../Drivers/CMSIS/Include -I"C:/Users/salma/OneDrive/Desktop/Capstone-WIP/SMotLORA/Core/LoRa" -O0 -ffunction-sections -fdata-sections -Wall -fstack-usage -fcyclomatic-complexity -MMD -MP -MF"Drivers/STM32L4xx_HAL_Driver/Src/stm32l4xx_hal_tim_ex.d" -MT"Drivers/STM32L4xx_HAL_Driver/Src/stm32l4xx_hal_tim_ex.o" --specs=nano.specs -mfpu=fpv4-sp-d16 -mfloat-abi=hard -mthumb -o "Drivers/STM32L4xx_HAL_Driver/Src/stm32l4xx_hal_tim_ex.o"
arm-none-eabi-gcc "../Drivers/STM32L4xx_HAL_Driver/Src/stm32l4xx_hal_usart.c" -mcpu=cortex-m4 -std=gnu11 -g3 -DDEBUG -DUSE_HAL_DRIVER -DSTM32L432xx -c -I../Core/Inc -I../Drivers/STM32L4xx_HAL_Driver/Inc -I../Drivers/STM32L4xx_HAL_Driver/Inc/Legacy -I../Drivers/CMSIS/Device/ST/STM32L4xx/Include -I../Drivers/CMSIS/Include -I"C:/Users/salma/OneDrive/Desktop/Capstone-WIP/SMotLORA/Core/LoRa" -O0 -ffunction-sections -fdata-sections -Wall -fstack-usage -fcyclomatic-complexity -MMD -MP -MF"Drivers/STM32L4xx_HAL_Driver/Src/stm32l4xx_hal_usart.d" -MT"Drivers/STM32L4xx_HAL_Driver/Src/stm32l4xx_hal_usart.o" --specs=nano.specs -mfpu=fpv4-sp-d16 -mfloat-abi=hard -mthumb -o "Drivers/STM32L4xx_HAL_Driver/Src/stm32l4xx_hal_usart.o"
arm-none-eabi-gcc "../Drivers/STM32L4xx_HAL_Driver/Src/stm32l4xx_hal_usart_ex.c" -mcpu=cortex-m4 -std=gnu11 -g3 -DDEBUG -DUSE_HAL_DRIVER -DSTM32L432xx -c -I../Core/Inc -I../Drivers/STM32L4xx_HAL_Driver/Inc -I../Drivers/STM32L4xx_HAL_Driver/Inc/Legacy -I../Drivers/CMSIS/Device/ST/STM32L4xx/Include -I../Drivers/CMSIS/Include -I"C:/Users/salma/OneDrive/Desktop/Capstone-WIP/SMotLORA/Core/LoRa" -O0 -ffunction-sections -fdata-sections -Wall -fstack-usage -fcyclomatic-complexity -MMD -MP -MF"Drivers/STM32L4xx_HAL_Driver/Src/stm32l4xx_hal_usart_ex.d" -MT"Drivers/STM32L4xx_HAL_Driver/Src/stm32l4xx_hal_usart_ex.o" --specs=nano.specs -mfpu=fpv4-sp-d16 -mfloat-abi=hard -mthumb -o "Drivers/STM32L4xx_HAL_Driver/Src/stm32l4xx_hal_usart_ex.o"
arm-none-eabi-gcc -mcpu=cortex-m4 -g3 -DDEBUG -c -x assembler-with-cpp -MMD -MP -MF"Core/Startup/startup_stm32l432kcux.d" -MT"Core/Startup/startup_stm32l432kcux.o" --specs=nano.specs -mfpu=fpv4-sp-d16 -mfloat-abi=hard -mthumb -o "Core/Startup/startup_stm32l432kcux.o" "../Core/Startup/startup_stm32l432kcux.s"
arm-none-eabi-gcc "../Core/Src/main.c" -mcpu=cortex-m4 -std=gnu11 -g3 -DDEBUG -DUSE_HAL_DRIVER -DSTM32L432xx -c -I../Core/Inc -I../Drivers/STM32L4xx_HAL_Driver/Inc -I../Drivers/STM32L4xx_HAL_Driver/Inc/Legacy -I../Drivers/CMSIS/Device/ST/STM32L4xx/Include -I../Drivers/CMSIS/Include -I"C:/Users/salma/OneDrive/Desktop/Capstone-WIP/SMotLORA/Core/LoRa" -O0 -ffunction-sections -fdata-sections -Wall -fstack-usage -fcyclomatic-complexity -MMD -MP -MF"Core/Src/main.d" -MT"Core/Src/main.o" --specs=nano.specs -mfpu=fpv4-sp-d16 -mfloat-abi=hard -mthumb -o "Core/Src/main.o"
In file included from ../Core/Src/main.c:21:
C:/Users/salma/OneDrive/Desktop/Capstone-WIP/SMotLORA/Core/LoRa/lora.h:1:1: warning: multi-line comment [-Wcomment]
    1 | // -------------------------------------------------- \\
      | ^
arm-none-eabi-gcc "../Core/Src/stm32l4xx_hal_msp.c" -mcpu=cortex-m4 -std=gnu11 -g3 -DDEBUG -DUSE_HAL_DRIVER -DSTM32L432xx -c -I../Core/Inc -I../Drivers/STM32L4xx_HAL_Driver/Inc -I../Drivers/STM32L4xx_HAL_Driver/Inc/Legacy -I../Drivers/CMSIS/Device/ST/STM32L4xx/Include -I../Drivers/CMSIS/Include -I"C:/Users/salma/OneDrive/Desktop/Capstone-WIP/SMotLORA/Core/LoRa" -O0 -ffunction-sections -fdata-sections -Wall -fstack-usage -fcyclomatic-complexity -MMD -MP -MF"Core/Src/stm32l4xx_hal_msp.d" -MT"Core/Src/stm32l4xx_hal_msp.o" --specs=nano.specs -mfpu=fpv4-sp-d16 -mfloat-abi=hard -mthumb -o "Core/Src/stm32l4xx_hal_msp.o"
arm-none-eabi-gcc "../Core/Src/stm32l4xx_it.c" -mcpu=cortex-m4 -std=gnu11 -g3 -DDEBUG -DUSE_HAL_DRIVER -DSTM32L432xx -c -I../Core/Inc -I../Drivers/STM32L4xx_HAL_Driver/Inc -I../Drivers/STM32L4xx_HAL_Driver/Inc/Legacy -I../Drivers/CMSIS/Device/ST/STM32L4xx/Include -I../Drivers/CMSIS/Include -I"C:/Users/salma/OneDrive/Desktop/Capstone-WIP/SMotLORA/Core/LoRa" -O0 -ffunction-sections -fdata-sections -Wall -fstack-usage -fcyclomatic-complexity -MMD -MP -MF"Core/Src/stm32l4xx_it.d" -MT"Core/Src/stm32l4xx_it.o" --specs=nano.specs -mfpu=fpv4-sp-d16 -mfloat-abi=hard -mthumb -o "Core/Src/stm32l4xx_it.o"
../Core/Src/main.c: In function 'main':
../Core/Src/main.c:78:43: error: 'myLoRa' undeclared (first use in this function); did you mean 'LoRa'?
   78 |         uint16_t LoRa_status = LoRa_init(&myLoRa);
      |                                           ^~~~~~
      |                                           LoRa
../Core/Src/main.c:78:43: note: each undeclared identifier is reported only once for each function it appears in
../Core/Src/main.c:79:26: warning: passing argument 2 of 'memset' makes integer from pointer without a cast [-Wint-conversion]
   79 |         memset(send_data,NULL,200);
      |                          ^~~~
      |                          |
      |                          void *
In file included from ../Core/Src/main.c:26:
C:\ST\STM32CubeIDE_1.14.0\STM32CubeIDE\plugins\com.st.stm32cube.ide.mcu.externaltools.gnu-tools-for-stm32.11.3.rel1.win32_1.1.100.202309141235\tools\bin/../lib/gcc/arm-none-eabi/11.3.1/../../../../arm-none-eabi/include/string.h:33:26: note: expected 'int' but argument is of type 'void *'
   33 | void *   memset (void *, int, size_t);
      |                          ^~~
../Core/Src/main.c:108:34: error: 'NSS_GPIOB' undeclared (first use in this function)
  108 |         myLoRa.CS_port         = NSS_GPIOB;
      |                                  ^~~~~~~~~
../Core/Src/main.c:109:34: error: 'NSS_Pin_0' undeclared (first use in this function)
  109 |         myLoRa.CS_pin          = NSS_Pin_0;
      |                                  ^~~~~~~~~
../Core/Src/main.c:110:34: error: 'RESET_GPIOB' undeclared (first use in this function)
  110 |         myLoRa.reset_port      = RESET_GPIOB;
      |                                  ^~~~~~~~~~~
arm-none-eabi-gcc "../Core/Src/syscalls.c" -mcpu=cortex-m4 -std=gnu11 -g3 -DDEBUG -DUSE_HAL_DRIVER -DSTM32L432xx -c -I../Core/Inc -I../Drivers/STM32L4xx_HAL_Driver/Inc -I../Drivers/STM32L4xx_HAL_Driver/Inc/Legacy -I../Drivers/CMSIS/Device/ST/STM32L4xx/Include -I../Drivers/CMSIS/Include -I"C:/Users/salma/OneDrive/Desktop/Capstone-WIP/SMotLORA/Core/LoRa" -O0 -ffunction-sections -fdata-sections -Wall -fstack-usage -fcyclomatic-complexity -MMD -MP -MF"Core/Src/syscalls.d" -MT"Core/Src/syscalls.o" --specs=nano.specs -mfpu=fpv4-sp-d16 -mfloat-abi=hard -mthumb -o "Core/Src/syscalls.o"
../Core/Src/main.c:111:34: error: 'RESET_Pin_1' undeclared (first use in this function)
  111 |         myLoRa.reset_pin       = RESET_Pin_1;
      |                                  ^~~~~~~~~~~
../Core/Src/main.c:112:34: error: 'DIO0_GPIOA' undeclared (first use in this function)
  112 |         myLoRa.DIO0_port       = DIO0_GPIOA;
      |                                  ^~~~~~~~~~
../Core/Src/main.c:113:34: error: 'DIO0_Pin_3' undeclared (first use in this function)
  113 |         myLoRa.DIO0_pin        = DIO0_Pin_3;
      |                                  ^~~~~~~~~~
arm-none-eabi-gcc "../Core/Src/sysmem.c" -mcpu=cortex-m4 -std=gnu11 -g3 -DDEBUG -DUSE_HAL_DRIVER -DSTM32L432xx -c -I../Core/Inc -I../Drivers/STM32L4xx_HAL_Driver/Inc -I../Drivers/STM32L4xx_HAL_Driver/Inc/Legacy -I../Drivers/CMSIS/Device/ST/STM32L4xx/Include -I../Drivers/CMSIS/Include -I"C:/Users/salma/OneDrive/Desktop/Capstone-WIP/SMotLORA/Core/LoRa" -O0 -ffunction-sections -fdata-sections -Wall -fstack-usage -fcyclomatic-complexity -MMD -MP -MF"Core/Src/sysmem.d" -MT"Core/Src/sysmem.o" --specs=nano.specs -mfpu=fpv4-sp-d16 -mfloat-abi=hard -mthumb -o "Core/Src/sysmem.o"
../Core/Src/main.c:119:31: error: 'debugUART' undeclared (first use in this function)
  119 |           HAL_USART_Transmit(&debugUART, (uint8_t*)send_data, 200, 200);
      |                               ^~~~~~~~~
make: *** [Core/Src/subdir.mk:34: Core/Src/main.o] Error 1
make: *** Waiting for unfinished jobs....
"make -j8 all" terminated with exit code 2. Build might be incomplete.
20:58:00 **** Incremental Build of configuration Debug for project SMotlaqLORA ****
make -j8 all 
arm-none-eabi-gcc "../Core/Src/main.c" -mcpu=cortex-m4 -std=gnu11 -g3 -DDEBUG -DUSE_HAL_DRIVER -DSTM32L432xx -c -I../Core/Inc -I../Drivers/STM32L4xx_HAL_Driver/Inc -I../Drivers/STM32L4xx_HAL_Driver/Inc/Legacy -I../Drivers/CMSIS/Device/ST/STM32L4xx/Include -I../Drivers/CMSIS/Include -I"C:/Users/salma/OneDrive/Desktop/Capstone-WIP/SMotLORA/Core/LoRa" -O0 -ffunction-sections -fdata-sections -Wall -fstack-usage -fcyclomatic-complexity -MMD -MP -MF"Core/Src/main.d" -MT"Core/Src/main.o" --specs=nano.specs -mfpu=fpv4-sp-d16 -mfloat-abi=hard -mthumb -o "Core/Src/main.o"
arm-none-eabi-gcc "../Core/Src/system_stm32l4xx.c" -mcpu=cortex-m4 -std=gnu11 -g3 -DDEBUG -DUSE_HAL_DRIVER -DSTM32L432xx -c -I../Core/Inc -I../Drivers/STM32L4xx_HAL_Driver/Inc -I../Drivers/STM32L4xx_HAL_Driver/Inc/Legacy -I../Drivers/CMSIS/Device/ST/STM32L4xx/Include -I../Drivers/CMSIS/Include -I"C:/Users/salma/OneDrive/Desktop/Capstone-WIP/SMotLORA/Core/LoRa" -O0 -ffunction-sections -fdata-sections -Wall -fstack-usage -fcyclomatic-complexity -MMD -MP -MF"Core/Src/system_stm32l4xx.d" -MT"Core/Src/system_stm32l4xx.o" --specs=nano.specs -mfpu=fpv4-sp-d16 -mfloat-abi=hard -mthumb -o "Core/Src/system_stm32l4xx.o"
arm-none-eabi-gcc "../Core/LoRa/LoRa.c" -mcpu=cortex-m4 -std=gnu11 -g3 -DDEBUG -DUSE_HAL_DRIVER -DSTM32L432xx -c -I../Core/Inc -I../Drivers/STM32L4xx_HAL_Driver/Inc -I../Drivers/STM32L4xx_HAL_Driver/Inc/Legacy -I../Drivers/CMSIS/Device/ST/STM32L4xx/Include -I../Drivers/CMSIS/Include -I"C:/Users/salma/OneDrive/Desktop/Capstone-WIP/SMotLORA/Core/LoRa" -O0 -ffunction-sections -fdata-sections -Wall -fstack-usage -fcyclomatic-complexity -MMD -MP -MF"Core/LoRa/LoRa.d" -MT"Core/LoRa/LoRa.o" --specs=nano.specs -mfpu=fpv4-sp-d16 -mfloat-abi=hard -mthumb -o "Core/LoRa/LoRa.o"
In file included from ../Core/LoRa/LoRa.c:1:
../Core/LoRa/LoRa.h:1:1: warning: multi-line comment [-Wcomment]
    1 | // -------------------------------------------------- \\
      | ^
In file included from ../Core/Src/main.c:21:
C:/Users/salma/OneDrive/Desktop/Capstone-WIP/SMotLORA/Core/LoRa/lora.h:1:1: warning: multi-line comment [-Wcomment]
    1 | // -------------------------------------------------- \\
      | ^
../Core/Src/main.c: In function 'main':
../Core/Src/main.c:81:26: warning: passing argument 2 of 'memset' makes integer from pointer without a cast [-Wint-conversion]
   81 |         memset(send_data,NULL,200);
      |                          ^~~~
      |                          |
      |                          void *
In file included from ../Core/Src/main.c:26:
C:\ST\STM32CubeIDE_1.14.0\STM32CubeIDE\plugins\com.st.stm32cube.ide.mcu.externaltools.gnu-tools-for-stm32.11.3.rel1.win32_1.1.100.202309141235\tools\bin/../lib/gcc/arm-none-eabi/11.3.1/../../../../arm-none-eabi/include/string.h:33:26: note: expected 'int' but argument is of type 'void *'
   33 | void *   memset (void *, int, size_t);
      |                          ^~~
../Core/Src/main.c:111:34: error: 'GPIO_Pin_0' undeclared (first use in this function); did you mean 'GPIO_PIN_0'?
  111 |         myLoRa.CS_pin          = GPIO_Pin_0;
      |                                  ^~~~~~~~~~
      |                                  GPIO_PIN_0
../Core/Src/main.c:111:34: note: each undeclared identifier is reported only once for each function it appears in
../Core/Src/main.c:113:34: error: 'GPIO_Pin_1' undeclared (first use in this function); did you mean 'GPIO_PIN_1'?
  113 |         myLoRa.reset_pin       = GPIO_Pin_1;
      |                                  ^~~~~~~~~~
      |                                  GPIO_PIN_1
../Core/Src/main.c:115:34: error: 'GPIO_Pin_3' undeclared (first use in this function); did you mean 'GPIO_PIN_3'?
  115 |         myLoRa.DIO0_pin        = GPIO_Pin_3;
      |                                  ^~~~~~~~~~
      |                                  GPIO_PIN_3
make: *** [Core/Src/subdir.mk:34: Core/Src/main.o] Error 1
make: *** Waiting for unfinished jobs....
"make -j8 all" terminated with exit code 2. Build might be incomplete.
20:58:24 **** Incremental Build of configuration Debug for project SMotlaqLORA ****
make -j8 all 
arm-none-eabi-gcc "../Core/Src/main.c" -mcpu=cortex-m4 -std=gnu11 -g3 -DDEBUG -DUSE_HAL_DRIVER -DSTM32L432xx -c -I../Core/Inc -I../Drivers/STM32L4xx_HAL_Driver/Inc -I../Drivers/STM32L4xx_HAL_Driver/Inc/Legacy -I../Drivers/CMSIS/Device/ST/STM32L4xx/Include -I../Drivers/CMSIS/Include -I"C:/Users/salma/OneDrive/Desktop/Capstone-WIP/SMotLORA/Core/LoRa" -O0 -ffunction-sections -fdata-sections -Wall -fstack-usage -fcyclomatic-complexity -MMD -MP -MF"Core/Src/main.d" -MT"Core/Src/main.o" --specs=nano.specs -mfpu=fpv4-sp-d16 -mfloat-abi=hard -mthumb -o "Core/Src/main.o"
In file included from ../Core/Src/main.c:21:
C:/Users/salma/OneDrive/Desktop/Capstone-WIP/SMotLORA/Core/LoRa/lora.h:1:1: warning: multi-line comment [-Wcomment]
    1 | // -------------------------------------------------- \\
      | ^
../Core/Src/main.c: In function 'main':
../Core/Src/main.c:81:26: warning: passing argument 2 of 'memset' makes integer from pointer without a cast [-Wint-conversion]
   81 |         memset(send_data,NULL,200);
      |                          ^~~~
      |                          |
      |                          void *
In file included from ../Core/Src/main.c:26:
C:\ST\STM32CubeIDE_1.14.0\STM32CubeIDE\plugins\com.st.stm32cube.ide.mcu.externaltools.gnu-tools-for-stm32.11.3.rel1.win32_1.1.100.202309141235\tools\bin/../lib/gcc/arm-none-eabi/11.3.1/../../../../arm-none-eabi/include/string.h:33:26: note: expected 'int' but argument is of type 'void *'
   33 | void *   memset (void *, int, size_t);
      |                          ^~~
arm-none-eabi-gcc -o "SMotlaqLORA.elf" @"objects.list"   -mcpu=cortex-m4 -T"C:\Users\salma\OneDrive\Desktop\Capstone-WIP\SMotLORA\STM32L432KCUX_FLASH.ld" --specs=nosys.specs -Wl,-Map="SMotlaqLORA.map" -Wl,--gc-sections -static --specs=nano.specs -mfpu=fpv4-sp-d16 -mfloat-abi=hard -mthumb -Wl,--start-group -lc -lm -Wl,--end-group
C:/ST/STM32CubeIDE_1.14.0/STM32CubeIDE/plugins/com.st.stm32cube.ide.mcu.externaltools.gnu-tools-for-stm32.11.3.rel1.win32_1.1.100.202309141235/tools/bin/../lib/gcc/arm-none-eabi/11.3.1/../../../../arm-none-eabi/bin/ld.exe: ./LoRa/LoRa.o: in function `newLoRa':
C:/Users/salma/OneDrive/Desktop/Capstone-WIP/SMotLORA/Core/LoRa/LoRa.c:19: multiple definition of `newLoRa'; ./Core/LoRa/LoRa.o:C:/Users/salma/OneDrive/Desktop/Capstone-WIP/SMotLORA/Debug/../Core/LoRa/LoRa.c:19: first defined here
C:/ST/STM32CubeIDE_1.14.0/STM32CubeIDE/plugins/com.st.stm32cube.ide.mcu.externaltools.gnu-tools-for-stm32.11.3.rel1.win32_1.1.100.202309141235/tools/bin/../lib/gcc/arm-none-eabi/11.3.1/../../../../arm-none-eabi/bin/ld.exe: ./LoRa/LoRa.o: in function `LoRa_reset':
C:/Users/salma/OneDrive/Desktop/Capstone-WIP/SMotLORA/Core/LoRa/LoRa.c:42: multiple definition of `LoRa_reset'; ./Core/LoRa/LoRa.o:C:/Users/salma/OneDrive/Desktop/Capstone-WIP/SMotLORA/Debug/../Core/LoRa/LoRa.c:42: first defined here
C:/ST/STM32CubeIDE_1.14.0/STM32CubeIDE/plugins/com.st.stm32cube.ide.mcu.externaltools.gnu-tools-for-stm32.11.3.rel1.win32_1.1.100.202309141235/tools/bin/../lib/gcc/arm-none-eabi/11.3.1/../../../../arm-none-eabi/bin/ld.exe: ./LoRa/LoRa.o: in function `LoRa_gotoMode':
C:/Users/salma/OneDrive/Desktop/Capstone-WIP/SMotLORA/Core/LoRa/LoRa.c:60: multiple definition of `LoRa_gotoMode'; ./Core/LoRa/LoRa.o:C:/Users/salma/OneDrive/Desktop/Capstone-WIP/SMotLORA/Debug/../Core/LoRa/LoRa.c:60: first defined here
C:/ST/STM32CubeIDE_1.14.0/STM32CubeIDE/plugins/com.st.stm32cube.ide.mcu.externaltools.gnu-tools-for-stm32.11.3.rel1.win32_1.1.100.202309141235/tools/bin/../lib/gcc/arm-none-eabi/11.3.1/../../../../arm-none-eabi/bin/ld.exe: ./LoRa/LoRa.o: in function `LoRa_read':
C:/Users/salma/OneDrive/Desktop/Capstone-WIP/SMotLORA/Core/LoRa/LoRa.c:336: multiple definition of `LoRa_read'; ./Core/LoRa/LoRa.o:C:/Users/salma/OneDrive/Desktop/Capstone-WIP/SMotLORA/Debug/../Core/LoRa/LoRa.c:336: first defined here
C:/ST/STM32CubeIDE_1.14.0/STM32CubeIDE/plugins/com.st.stm32cube.ide.mcu.externaltools.gnu-tools-for-stm32.11.3.rel1.win32_1.1.100.202309141235/tools/bin/../lib/gcc/arm-none-eabi/11.3.1/../../../../arm-none-eabi/bin/ld.exe: ./LoRa/LoRa.o: in function `LoRa_write':
C:/Users/salma/OneDrive/Desktop/Capstone-WIP/SMotLORA/Core/LoRa/LoRa.c:359: multiple definition of `LoRa_write'; ./Core/LoRa/LoRa.o:C:/Users/salma/OneDrive/Desktop/Capstone-WIP/SMotLORA/Debug/../Core/LoRa/LoRa.c:359: first defined here
C:/ST/STM32CubeIDE_1.14.0/STM32CubeIDE/plugins/com.st.stm32cube.ide.mcu.externaltools.gnu-tools-for-stm32.11.3.rel1.win32_1.1.100.202309141235/tools/bin/../lib/gcc/arm-none-eabi/11.3.1/../../../../arm-none-eabi/bin/ld.exe: ./LoRa/LoRa.o: in function `LoRa_readReg':
C:/Users/salma/OneDrive/Desktop/Capstone-WIP/SMotLORA/Core/LoRa/LoRa.c:104: multiple definition of `LoRa_readReg'; ./Core/LoRa/LoRa.o:C:/Users/salma/OneDrive/Desktop/Capstone-WIP/SMotLORA/Debug/../Core/LoRa/LoRa.c:104: first defined here
C:/ST/STM32CubeIDE_1.14.0/STM32CubeIDE/plugins/com.st.stm32cube.ide.mcu.externaltools.gnu-tools-for-stm32.11.3.rel1.win32_1.1.100.202309141235/tools/bin/../lib/gcc/arm-none-eabi/11.3.1/../../../../arm-none-eabi/bin/ld.exe: ./LoRa/LoRa.o: in function `LoRa_writeReg':
C:/Users/salma/OneDrive/Desktop/Capstone-WIP/SMotLORA/Core/LoRa/LoRa.c:130: multiple definition of `LoRa_writeReg'; ./Core/LoRa/LoRa.o:C:/Users/salma/OneDrive/Desktop/Capstone-WIP/SMotLORA/Debug/../Core/LoRa/LoRa.c:130: first defined here
C:/ST/STM32CubeIDE_1.14.0/STM32CubeIDE/plugins/com.st.stm32cube.ide.mcu.externaltools.gnu-tools-for-stm32.11.3.rel1.win32_1.1.100.202309141235/tools/bin/../lib/gcc/arm-none-eabi/11.3.1/../../../../arm-none-eabi/bin/ld.exe: ./LoRa/LoRa.o: in function `LoRa_setLowDaraRateOptimization':
C:/Users/salma/OneDrive/Desktop/Capstone-WIP/SMotLORA/Core/LoRa/LoRa.c:152: multiple definition of `LoRa_setLowDaraRateOptimization'; ./Core/LoRa/LoRa.o:C:/Users/salma/OneDrive/Desktop/Capstone-WIP/SMotLORA/Debug/../Core/LoRa/LoRa.c:152: first defined here
C:/ST/STM32CubeIDE_1.14.0/STM32CubeIDE/plugins/com.st.stm32cube.ide.mcu.externaltools.gnu-tools-for-stm32.11.3.rel1.win32_1.1.100.202309141235/tools/bin/../lib/gcc/arm-none-eabi/11.3.1/../../../../arm-none-eabi/bin/ld.exe: ./LoRa/LoRa.o: in function `LoRa_setAutoLDO':
C:/Users/salma/OneDrive/Desktop/Capstone-WIP/SMotLORA/Core/LoRa/LoRa.c:177: multiple definition of `LoRa_setAutoLDO'; ./Core/LoRa/LoRa.o:C:/Users/salma/OneDrive/Desktop/Capstone-WIP/SMotLORA/Debug/../Core/LoRa/LoRa.c:177: first defined here
C:/ST/STM32CubeIDE_1.14.0/STM32CubeIDE/plugins/com.st.stm32cube.ide.mcu.externaltools.gnu-tools-for-stm32.11.3.rel1.win32_1.1.100.202309141235/tools/bin/../lib/gcc/arm-none-eabi/11.3.1/../../../../arm-none-eabi/bin/ld.exe: ./LoRa/LoRa.o: in function `LoRa_setFrequency':
C:/Users/salma/OneDrive/Desktop/Capstone-WIP/SMotLORA/Core/LoRa/LoRa.c:194: multiple definition of `LoRa_setFrequency'; ./Core/LoRa/LoRa.o:C:/Users/salma/OneDrive/Desktop/Capstone-WIP/SMotLORA/Debug/../Core/LoRa/LoRa.c:194: first defined here
C:/ST/STM32CubeIDE_1.14.0/STM32CubeIDE/plugins/com.st.stm32cube.ide.mcu.externaltools.gnu-tools-for-stm32.11.3.rel1.win32_1.1.100.202309141235/tools/bin/../lib/gcc/arm-none-eabi/11.3.1/../../../../arm-none-eabi/bin/ld.exe: ./LoRa/LoRa.o: in function `LoRa_setSpreadingFactor':
C:/Users/salma/OneDrive/Desktop/Capstone-WIP/SMotLORA/Core/LoRa/LoRa.c:226: multiple definition of `LoRa_setSpreadingFactor'; ./Core/LoRa/LoRa.o:C:/Users/salma/OneDrive/Desktop/Capstone-WIP/SMotLORA/Debug/../Core/LoRa/LoRa.c:226: first defined here
C:/ST/STM32CubeIDE_1.14.0/STM32CubeIDE/plugins/com.st.stm32cube.ide.mcu.externaltools.gnu-tools-for-stm32.11.3.rel1.win32_1.1.100.202309141235/tools/bin/../lib/gcc/arm-none-eabi/11.3.1/../../../../arm-none-eabi/bin/ld.exe: ./LoRa/LoRa.o: in function `LoRa_setPower':
C:/Users/salma/OneDrive/Desktop/Capstone-WIP/SMotLORA/Core/LoRa/LoRa.c:256: multiple definition of `LoRa_setPower'; ./Core/LoRa/LoRa.o:C:/Users/salma/OneDrive/Desktop/Capstone-WIP/SMotLORA/Debug/../Core/LoRa/LoRa.c:256: first defined here
C:/ST/STM32CubeIDE_1.14.0/STM32CubeIDE/plugins/com.st.stm32cube.ide.mcu.externaltools.gnu-tools-for-stm32.11.3.rel1.win32_1.1.100.202309141235/tools/bin/../lib/gcc/arm-none-eabi/11.3.1/../../../../arm-none-eabi/bin/ld.exe: ./LoRa/LoRa.o: in function `LoRa_setOCP':
C:/Users/salma/OneDrive/Desktop/Capstone-WIP/SMotLORA/Core/LoRa/LoRa.c:272: multiple definition of `LoRa_setOCP'; ./Core/LoRa/LoRa.o:C:/Users/salma/OneDrive/Desktop/Capstone-WIP/SMotLORA/Debug/../Core/LoRa/LoRa.c:272: first defined here
C:/ST/STM32CubeIDE_1.14.0/STM32CubeIDE/plugins/com.st.stm32cube.ide.mcu.externaltools.gnu-tools-for-stm32.11.3.rel1.win32_1.1.100.202309141235/tools/bin/../lib/gcc/arm-none-eabi/11.3.1/../../../../arm-none-eabi/bin/ld.exe: ./LoRa/LoRa.o: in function `LoRa_setTOMsb_setCRCon':
C:/Users/salma/OneDrive/Desktop/Capstone-WIP/SMotLORA/Core/LoRa/LoRa.c:300: multiple definition of `LoRa_setTOMsb_setCRCon'; ./Core/LoRa/LoRa.o:C:/Users/salma/OneDrive/Desktop/Capstone-WIP/SMotLORA/Debug/../Core/LoRa/LoRa.c:300: first defined here
C:/ST/STM32CubeIDE_1.14.0/STM32CubeIDE/plugins/com.st.stm32cube.ide.mcu.externaltools.gnu-tools-for-stm32.11.3.rel1.win32_1.1.100.202309141235/tools/bin/../lib/gcc/arm-none-eabi/11.3.1/../../../../arm-none-eabi/bin/ld.exe: ./LoRa/LoRa.o: in function `LoRa_setSyncWord':
[...]
C:/ST/STM32CubeIDE_1.14.0/STM32CubeIDE/plugins/com.st.stm32cube.ide.mcu.externaltools.gnu-tools-for-stm32.11.3.rel1.win32_1.1.100.202309141235/tools/bin/../lib/gcc/arm-none-eabi/11.3.1/../../../../arm-none-eabi/bin/ld.exe: ./Core/Src/polkadot.o:C:/Users/salma/OneDrive/Desktop/Capstone/3.Project Development/lorawan/Debug/../Core/Inc/pk.h:61: multiple definition of `noroute_table'; ./Core/Src/main.o:C:/Users/salma/OneDrive/Desktop/Capstone/3.Project Development/lorawan/Debug/../Core/Inc/pk.h:61: first defined here
C:/ST/STM32CubeIDE_1.14.0/STM32CubeIDE/plugins/com.st.stm32cube.ide.mcu.externaltools.gnu-tools-for-stm32.11.3.rel1.win32_1.1.100.202309141235/tools/bin/../lib/gcc/arm-none-eabi/11.3.1/../../../../arm-none-eabi/bin/ld.exe: ./Core/Src/polkadot.o:C:/Users/salma/OneDrive/Desktop/Capstone/3.Project Development/lorawan/Debug/../Core/Inc/pk.h:62: multiple definition of `noroute_table_entries'; ./Core/Src/main.o:C:/Users/salma/OneDrive/Desktop/Capstone/3.Project Development/lorawan/Debug/../Core/Inc/pk.h:62: first defined here
C:/ST/STM32CubeIDE_1.14.0/STM32CubeIDE/plugins/com.st.stm32cube.ide.mcu.externaltools.gnu-tools-for-stm32.11.3.rel1.win32_1.1.100.202309141235/tools/bin/../lib/gcc/arm-none-eabi/11.3.1/../../../../arm-none-eabi/bin/ld.exe: ./Core/Src/polkadot.o:C:/Users/salma/OneDrive/Desktop/Capstone/3.Project Development/lorawan/Debug/../Core/Inc/pk.h:65: multiple definition of `rreq_table'; ./Core/Src/main.o:C:/Users/salma/OneDrive/Desktop/Capstone/3.Project Development/lorawan/Debug/../Core/Inc/pk.h:65: first defined here
C:/ST/STM32CubeIDE_1.14.0/STM32CubeIDE/plugins/com.st.stm32cube.ide.mcu.externaltools.gnu-tools-for-stm32.11.3.rel1.win32_1.1.100.202309141235/tools/bin/../lib/gcc/arm-none-eabi/11.3.1/../../../../arm-none-eabi/bin/ld.exe: ./Core/Src/polkadot.o:C:/Users/salma/OneDrive/Desktop/Capstone/3.Project Development/lorawan/Debug/../Core/Inc/pk.h:66: multiple definition of `rreq_pointer'; ./Core/Src/main.o:C:/Users/salma/OneDrive/Desktop/Capstone/3.Project Development/lorawan/Debug/../Core/Inc/pk.h:66: first defined here
collect2.exe: error: ld returned 1 exit status
make: *** [makefile:64: lorawan.elf] Error 1
"make -j8 all" terminated with exit code 2. Build might be incomplete.
19:19:36 **** Incremental Build of configuration Debug for project lorawan ****
make -j8 all 
arm-none-eabi-gcc -o "lorawan.elf" @"objects.list"   -mcpu=cortex-m4 -T"C:\Users\salma\OneDrive\Desktop\Capstone\3.Project Development\lorawan\STM32L432KCUX_FLASH.ld" --specs=nosys.specs -Wl,-Map="lorawan.map" -Wl,--gc-sections -static --specs=nano.specs -mfpu=fpv4-sp-d16 -mfloat-abi=hard -mthumb -Wl,--start-group -lc -lm -Wl,--end-group
C:/ST/STM32CubeIDE_1.14.0/STM32CubeIDE/plugins/com.st.stm32cube.ide.mcu.externaltools.gnu-tools-for-stm32.11.3.rel1.win32_1.1.100.202309141235/tools/bin/../lib/gcc/arm-none-eabi/11.3.1/../../../../arm-none-eabi/bin/ld.exe: ./Core/Src/polkadot.o:C:/Users/salma/OneDrive/Desktop/Capstone/3.Project Development/lorawan/Debug/../Core/Inc/pk.h:16: multiple definition of `my_id'; ./Core/Src/main.o:C:/Users/salma/OneDrive/Desktop/Capstone/3.Project Development/lorawan/Debug/../Core/Inc/pk.h:16: first defined here
C:/ST/STM32CubeIDE_1.14.0/STM32CubeIDE/plugins/com.st.stm32cube.ide.mcu.externaltools.gnu-tools-for-stm32.11.3.rel1.win32_1.1.100.202309141235/tools/bin/../lib/gcc/arm-none-eabi/11.3.1/../../../../arm-none-eabi/bin/ld.exe: ./Core/Src/polkadot.o:C:/Users/salma/OneDrive/Desktop/Capstone/3.Project Development/lorawan/Debug/../Core/Inc/pk.h:17: multiple definition of `my_sequence_number'; ./Core/Src/main.o:C:/Users/salma/OneDrive/Desktop/Capstone/3.Project Development/lorawan/Debug/../Core/Inc/pk.h:17: first defined here
C:/ST/STM32CubeIDE_1.14.0/STM32CubeIDE/plugins/com.st.stm32cube.ide.mcu.externaltools.gnu-tools-for-stm32.11.3.rel1.win32_1.1.100.202309141235/tools/bin/../lib/gcc/arm-none-eabi/11.3.1/../../../../arm-none-eabi/bin/ld.exe: ./Core/Src/polkadot.o:C:/Users/salma/OneDrive/Desktop/Capstone/3.Project Development/lorawan/Debug/../Core/Inc/pk.h:18: multiple definition of `rreq_id'; ./Core/Src/main.o:C:/Users/salma/OneDrive/Desktop/Capstone/3.Project Development/lorawan/Debug/../Core/Inc/pk.h:18: first defined here
C:/ST/STM32CubeIDE_1.14.0/STM32CubeIDE/plugins/com.st.stm32cube.ide.mcu.externaltools.gnu-tools-for-stm32.11.3.rel1.win32_1.1.100.202309141235/tools/bin/../lib/gcc/arm-none-eabi/11.3.1/../../../../arm-none-eabi/bin/ld.exe: ./Core/Src/polkadot.o:C:/Users/salma/OneDrive/Desktop/Capstone/3.Project Development/lorawan/Debug/../Core/Inc/pk.h:37: multiple definition of `rx_data'; ./Core/Src/main.o:C:/Users/salma/OneDrive/Desktop/Capstone/3.Project Development/lorawan/Debug/../Core/Inc/pk.h:37: first defined here
C:/ST/STM32CubeIDE_1.14.0/STM32CubeIDE/plugins/com.st.stm32cube.ide.mcu.externaltools.gnu-tools-for-stm32.11.3.rel1.win32_1.1.100.202309141235/tools/bin/../lib/gcc/arm-none-eabi/11.3.1/../../../../arm-none-eabi/bin/ld.exe: ./Core/Src/polkadot.o:C:/Users/salma/OneDrive/Desktop/Capstone/3.Project Development/lorawan/Debug/../Core/Inc/pk.h:49: multiple definition of `unicast_entries'; ./Core/Src/main.o:C:/Users/salma/OneDrive/Desktop/Capstone/3.Project Development/lorawan/Debug/../Core/Inc/pk.h:49: first defined here
C:/ST/STM32CubeIDE_1.14.0/STM32CubeIDE/plugins/com.st.stm32cube.ide.mcu.externaltools.gnu-tools-for-stm32.11.3.rel1.win32_1.1.100.202309141235/tools/bin/../lib/gcc/arm-none-eabi/11.3.1/../../../../arm-none-eabi/bin/ld.exe: ./Core/Src/polkadot.o:C:/Users/salma/OneDrive/Desktop/Capstone/3.Project Development/lorawan/Debug/../Core/Inc/pk.h:51: multiple definition of `unicast_route_table'; ./Core/Src/main.o:C:/Users/salma/OneDrive/Desktop/Capstone/3.Project Development/lorawan/Debug/../Core/Inc/pk.h:51: first defined here
C:/ST/STM32CubeIDE_1.14.0/STM32CubeIDE/plugins/com.st.stm32cube.ide.mcu.externaltools.gnu-tools-for-stm32.11.3.rel1.win32_1.1.100.202309141235/tools/bin/../lib/gcc/arm-none-eabi/11.3.1/../../../../arm-none-eabi/bin/ld.exe: ./Core/Src/polkadot.o:C:/Users/salma/OneDrive/Desktop/Capstone/3.Project Development/lorawan/Debug/../Core/Inc/pk.h:61: multiple definition of `noroute_table'; ./Core/Src/main.o:C:/Users/salma/OneDrive/Desktop/Capstone/3.Project Development/lorawan/Debug/../Core/Inc/pk.h:61: first defined here
C:/ST/STM32CubeIDE_1.14.0/STM32CubeIDE/plugins/com.st.stm32cube.ide.mcu.externaltools.gnu-tools-for-stm32.11.3.rel1.win32_1.1.100.202309141235/tools/bin/../lib/gcc/arm-none-eabi/11.3.1/../../../../arm-none-eabi/bin/ld.exe: ./Core/Src/polkadot.o:C:/Users/salma/OneDrive/Desktop/Capstone/3.Project Development/lorawan/Debug/../Core/Inc/pk.h:62: multiple definition of `noroute_table_entries'; ./Core/Src/main.o:C:/Users/salma/OneDrive/Desktop/Capstone/3.Project Development/lorawan/Debug/../Core/Inc/pk.h:62: first defined here
C:/ST/STM32CubeIDE_1.14.0/STM32CubeIDE/plugins/com.st.stm32cube.ide.mcu.externaltools.gnu-tools-for-stm32.11.3.rel1.win32_1.1.100.202309141235/tools/bin/../lib/gcc/arm-none-eabi/11.3.1/../../../../arm-none-eabi/bin/ld.exe: ./Core/Src/polkadot.o:C:/Users/salma/OneDrive/Desktop/Capstone/3.Project Development/lorawan/Debug/../Core/Inc/pk.h:65: multiple definition of `rreq_table'; ./Core/Src/main.o:C:/Users/salma/OneDrive/Desktop/Capstone/3.Project Development/lorawan/Debug/../Core/Inc/pk.h:65: first defined here
C:/ST/STM32CubeIDE_1.14.0/STM32CubeIDE/plugins/com.st.stm32cube.ide.mcu.externaltools.gnu-tools-for-stm32.11.3.rel1.win32_1.1.100.202309141235/tools/bin/../lib/gcc/arm-none-eabi/11.3.1/../../../../arm-none-eabi/bin/ld.exe: ./Core/Src/polkadot.o:C:/Users/salma/OneDrive/Desktop/Capstone/3.Project Development/lorawan/Debug/../Core/Inc/pk.h:66: multiple definition of `rreq_pointer'; ./Core/Src/main.o:C:/Users/salma/OneDrive/Desktop/Capstone/3.Project Development/lorawan/Debug/../Core/Inc/pk.h:66: first defined here
collect2.exe: error: ld returned 1 exit status
make: *** [makefile:64: lorawan.elf] Error 1
"make -j8 all" terminated with exit code 2. Build might be incomplete.
19:22:18 **** Incremental Build of configuration Debug for project lorawan ****
make -j8 all 
arm-none-eabi-gcc -o "lorawan.elf" @"objects.list"   -mcpu=cortex-m4 -T"C:\Users\salma\OneDrive\Desktop\Capstone\3.Project Development\lorawan\STM32L432KCUX_FLASH.ld" --specs=nosys.specs -Wl,-Map="lorawan.map" -Wl,--gc-sections -static --specs=nano.specs -mfpu=fpv4-sp-d16 -mfloat-abi=hard -mthumb -Wl,--start-group -lc -lm -Wl,--end-group
C:/ST/STM32CubeIDE_1.14.0/STM32CubeIDE/plugins/com.st.stm32cube.ide.mcu.externaltools.gnu-tools-for-stm32.11.3.rel1.win32_1.1.100.202309141235/tools/bin/../lib/gcc/arm-none-eabi/11.3.1/../../../../arm-none-eabi/bin/ld.exe: ./Core/Src/polkadot.o:C:/Users/salma/OneDrive/Desktop/Capstone/3.Project Development/lorawan/Debug/../Core/Inc/pk.h:16: multiple definition of `my_id'; ./Core/Src/main.o:C:/Users/salma/OneDrive/Desktop/Capstone/3.Project Development/lorawan/Debug/../Core/Inc/pk.h:16: first defined here
C:/ST/STM32CubeIDE_1.14.0/STM32CubeIDE/plugins/com.st.stm32cube.ide.mcu.externaltools.gnu-tools-for-stm32.11.3.rel1.win32_1.1.100.202309141235/tools/bin/../lib/gcc/arm-none-eabi/11.3.1/../../../../arm-none-eabi/bin/ld.exe: ./Core/Src/polkadot.o:C:/Users/salma/OneDrive/Desktop/Capstone/3.Project Development/lorawan/Debug/../Core/Inc/pk.h:17: multiple definition of `my_sequence_number'; ./Core/Src/main.o:C:/Users/salma/OneDrive/Desktop/Capstone/3.Project Development/lorawan/Debug/../Core/Inc/pk.h:17: first defined here
C:/ST/STM32CubeIDE_1.14.0/STM32CubeIDE/plugins/com.st.stm32cube.ide.mcu.externaltools.gnu-tools-for-stm32.11.3.rel1.win32_1.1.100.202309141235/tools/bin/../lib/gcc/arm-none-eabi/11.3.1/../../../../arm-none-eabi/bin/ld.exe: ./Core/Src/polkadot.o:C:/Users/salma/OneDrive/Desktop/Capstone/3.Project Development/lorawan/Debug/../Core/Inc/pk.h:18: multiple definition of `rreq_id'; ./Core/Src/main.o:C:/Users/salma/OneDrive/Desktop/Capstone/3.Project Development/lorawan/Debug/../Core/Inc/pk.h:18: first defined here
C:/ST/STM32CubeIDE_1.14.0/STM32CubeIDE/plugins/com.st.stm32cube.ide.mcu.externaltools.gnu-tools-for-stm32.11.3.rel1.win32_1.1.100.202309141235/tools/bin/../lib/gcc/arm-none-eabi/11.3.1/../../../../arm-none-eabi/bin/ld.exe: ./Core/Src/polkadot.o:C:/Users/salma/OneDrive/Desktop/Capstone/3.Project Development/lorawan/Debug/../Core/Inc/pk.h:37: multiple definition of `rx_data'; ./Core/Src/main.o:C:/Users/salma/OneDrive/Desktop/Capstone/3.Project Development/lorawan/Debug/../Core/Inc/pk.h:37: first defined here
C:/ST/STM32CubeIDE_1.14.0/STM32CubeIDE/plugins/com.st.stm32cube.ide.mcu.externaltools.gnu-tools-for-stm32.11.3.rel1.win32_1.1.100.202309141235/tools/bin/../lib/gcc/arm-none-eabi/11.3.1/../../../../arm-none-eabi/bin/ld.exe: ./Core/Src/polkadot.o:C:/Users/salma/OneDrive/Desktop/Capstone/3.Project Development/lorawan/Debug/../Core/Inc/pk.h:49: multiple definition of `unicast_entries'; ./Core/Src/main.o:C:/Users/salma/OneDrive/Desktop/Capstone/3.Project Development/lorawan/Debug/../Core/Inc/pk.h:49: first defined here
C:/ST/STM32CubeIDE_1.14.0/STM32CubeIDE/plugins/com.st.stm32cube.ide.mcu.externaltools.gnu-tools-for-stm32.11.3.rel1.win32_1.1.100.202309141235/tools/bin/../lib/gcc/arm-none-eabi/11.3.1/../../../../arm-none-eabi/bin/ld.exe: ./Core/Src/polkadot.o:C:/Users/salma/OneDrive/Desktop/Capstone/3.Project Development/lorawan/Debug/../Core/Inc/pk.h:51: multiple definition of `unicast_route_table'; ./Core/Src/main.o:C:/Users/salma/OneDrive/Desktop/Capstone/3.Project Development/lorawan/Debug/../Core/Inc/pk.h:51: first defined here
C:/ST/STM32CubeIDE_1.14.0/STM32CubeIDE/plugins/com.st.stm32cube.ide.mcu.externaltools.gnu-tools-for-stm32.11.3.rel1.win32_1.1.100.202309141235/tools/bin/../lib/gcc/arm-none-eabi/11.3.1/../../../../arm-none-eabi/bin/ld.exe: ./Core/Src/polkadot.o:C:/Users/salma/OneDrive/Desktop/Capstone/3.Project Development/lorawan/Debug/../Core/Inc/pk.h:61: multiple definition of `noroute_table'; ./Core/Src/main.o:C:/Users/salma/OneDrive/Desktop/Capstone/3.Project Development/lorawan/Debug/../Core/Inc/pk.h:61: first defined here
C:/ST/STM32CubeIDE_1.14.0/STM32CubeIDE/plugins/com.st.stm32cube.ide.mcu.externaltools.gnu-tools-for-stm32.11.3.rel1.win32_1.1.100.202309141235/tools/bin/../lib/gcc/arm-none-eabi/11.3.1/../../../../arm-none-eabi/bin/ld.exe: ./Core/Src/polkadot.o:C:/Users/salma/OneDrive/Desktop/Capstone/3.Project Development/lorawan/Debug/../Core/Inc/pk.h:62: multiple definition of `noroute_table_entries'; ./Core/Src/main.o:C:/Users/salma/OneDrive/Desktop/Capstone/3.Project Development/lorawan/Debug/../Core/Inc/pk.h:62: first defined here
C:/ST/STM32CubeIDE_1.14.0/STM32CubeIDE/plugins/com.st.stm32cube.ide.mcu.externaltools.gnu-tools-for-stm32.11.3.rel1.win32_1.1.100.202309141235/tools/bin/../lib/gcc/arm-none-eabi/11.3.1/../../../../arm-none-eabi/bin/ld.exe: ./Core/Src/polkadot.o:C:/Users/salma/OneDrive/Desktop/Capstone/3.Project Development/lorawan/Debug/../Core/Inc/pk.h:65: multiple definition of `rreq_table'; ./Core/Src/main.o:C:/Users/salma/OneDrive/Desktop/Capstone/3.Project Development/lorawan/Debug/../Core/Inc/pk.h:65: first defined here
C:/ST/STM32CubeIDE_1.14.0/STM32CubeIDE/plugins/com.st.stm32cube.ide.mcu.externaltools.gnu-tools-for-stm32.11.3.rel1.win32_1.1.100.202309141235/tools/bin/../lib/gcc/arm-none-eabi/11.3.1/../../../../arm-none-eabi/bin/ld.exe: ./Core/Src/polkadot.o:C:/Users/salma/OneDrive/Desktop/Capstone/3.Project Development/lorawan/Debug/../Core/Inc/pk.h:66: multiple definition of `rreq_pointer'; ./Core/Src/main.o:C:/Users/salma/OneDrive/Desktop/Capstone/3.Project Development/lorawan/Debug/../Core/Inc/pk.h:66: first defined here
collect2.exe: error: ld returned 1 exit status
make: *** [makefile:64: lorawan.elf] Error 1
"make -j8 all" terminated with exit code 2. Build might be incomplete.
19:23:16 **** Incremental Build of configuration Debug for project lorawan ****
make -j8 all 
arm-none-eabi-gcc -o "lorawan.elf" @"objects.list"   -mcpu=cortex-m4 -T"C:\Users\salma\OneDrive\Desktop\Capstone\3.Project Development\lorawan\STM32L432KCUX_FLASH.ld" --specs=nosys.specs -Wl,-Map="lorawan.map" -Wl,--gc-sections -static --specs=nano.specs -mfpu=fpv4-sp-d16 -mfloat-abi=hard -mthumb -Wl,--start-group -lc -lm -Wl,--end-group
C:/ST/STM32CubeIDE_1.14.0/STM32CubeIDE/plugins/com.st.stm32cube.ide.mcu.externaltools.gnu-tools-for-stm32.11.3.rel1.win32_1.1.100.202309141235/tools/bin/../lib/gcc/arm-none-eabi/11.3.1/../../../../arm-none-eabi/bin/ld.exe: ./Core/Src/polkadot.o:C:/Users/salma/OneDrive/Desktop/Capstone/3.Project Development/lorawan/Debug/../Core/Inc/pk.h:16: multiple definition of `my_id'; ./Core/Src/main.o:C:/Users/salma/OneDrive/Desktop/Capstone/3.Project Development/lorawan/Debug/../Core/Inc/pk.h:16: first defined here
C:/ST/STM32CubeIDE_1.14.0/STM32CubeIDE/plugins/com.st.stm32cube.ide.mcu.externaltools.gnu-tools-for-stm32.11.3.rel1.win32_1.1.100.202309141235/tools/bin/../lib/gcc/arm-none-eabi/11.3.1/../../../../arm-none-eabi/bin/ld.exe: ./Core/Src/polkadot.o:C:/Users/salma/OneDrive/Desktop/Capstone/3.Project Development/lorawan/Debug/../Core/Inc/pk.h:17: multiple definition of `my_sequence_number'; ./Core/Src/main.o:C:/Users/salma/OneDrive/Desktop/Capstone/3.Project Development/lorawan/Debug/../Core/Inc/pk.h:17: first defined here
C:/ST/STM32CubeIDE_1.14.0/STM32CubeIDE/plugins/com.st.stm32cube.ide.mcu.externaltools.gnu-tools-for-stm32.11.3.rel1.win32_1.1.100.202309141235/tools/bin/../lib/gcc/arm-none-eabi/11.3.1/../../../../arm-none-eabi/bin/ld.exe: ./Core/Src/polkadot.o:C:/Users/salma/OneDrive/Desktop/Capstone/3.Project Development/lorawan/Debug/../Core/Inc/pk.h:18: multiple definition of `rreq_id'; ./Core/Src/main.o:C:/Users/salma/OneDrive/Desktop/Capstone/3.Project Development/lorawan/Debug/../Core/Inc/pk.h:18: first defined here
C:/ST/STM32CubeIDE_1.14.0/STM32CubeIDE/plugins/com.st.stm32cube.ide.mcu.externaltools.gnu-tools-for-stm32.11.3.rel1.win32_1.1.100.202309141235/tools/bin/../lib/gcc/arm-none-eabi/11.3.1/../../../../arm-none-eabi/bin/ld.exe: ./Core/Src/polkadot.o:C:/Users/salma/OneDrive/Desktop/Capstone/3.Project Development/lorawan/Debug/../Core/Inc/pk.h:37: multiple definition of `rx_data'; ./Core/Src/main.o:C:/Users/salma/OneDrive/Desktop/Capstone/3.Project Development/lorawan/Debug/../Core/Inc/pk.h:37: first defined here
C:/ST/STM32CubeIDE_1.14.0/STM32CubeIDE/plugins/com.st.stm32cube.ide.mcu.externaltools.gnu-tools-for-stm32.11.3.rel1.win32_1.1.100.202309141235/tools/bin/../lib/gcc/arm-none-eabi/11.3.1/../../../../arm-none-eabi/bin/ld.exe: ./Core/Src/polkadot.o:C:/Users/salma/OneDrive/Desktop/Capstone/3.Project Development/lorawan/Debug/../Core/Inc/pk.h:49: multiple definition of `unicast_entries'; ./Core/Src/main.o:C:/Users/salma/OneDrive/Desktop/Capstone/3.Project Development/lorawan/Debug/../Core/Inc/pk.h:49: first defined here
C:/ST/STM32CubeIDE_1.14.0/STM32CubeIDE/plugins/com.st.stm32cube.ide.mcu.externaltools.gnu-tools-for-stm32.11.3.rel1.win32_1.1.100.202309141235/tools/bin/../lib/gcc/arm-none-eabi/11.3.1/../../../../arm-none-eabi/bin/ld.exe: ./Core/Src/polkadot.o:C:/Users/salma/OneDrive/Desktop/Capstone/3.Project Development/lorawan/Debug/../Core/Inc/pk.h:51: multiple definition of `unicast_route_table'; ./Core/Src/main.o:C:/Users/salma/OneDrive/Desktop/Capstone/3.Project Development/lorawan/Debug/../Core/Inc/pk.h:51: first defined here
C:/ST/STM32CubeIDE_1.14.0/STM32CubeIDE/plugins/com.st.stm32cube.ide.mcu.externaltools.gnu-tools-for-stm32.11.3.rel1.win32_1.1.100.202309141235/tools/bin/../lib/gcc/arm-none-eabi/11.3.1/../../../../arm-none-eabi/bin/ld.exe: ./Core/Src/polkadot.o:C:/Users/salma/OneDrive/Desktop/Capstone/3.Project Development/lorawan/Debug/../Core/Inc/pk.h:61: multiple definition of `noroute_table'; ./Core/Src/main.o:C:/Users/salma/OneDrive/Desktop/Capstone/3.Project Development/lorawan/Debug/../Core/Inc/pk.h:61: first defined here
C:/ST/STM32CubeIDE_1.14.0/STM32CubeIDE/plugins/com.st.stm32cube.ide.mcu.externaltools.gnu-tools-for-stm32.11.3.rel1.win32_1.1.100.202309141235/tools/bin/../lib/gcc/arm-none-eabi/11.3.1/../../../../arm-none-eabi/bin/ld.exe: ./Core/Src/polkadot.o:C:/Users/salma/OneDrive/Desktop/Capstone/3.Project Development/lorawan/Debug/../Core/Inc/pk.h:62: multiple definition of `noroute_table_entries'; ./Core/Src/main.o:C:/Users/salma/OneDrive/Desktop/Capstone/3.Project Development/lorawan/Debug/../Core/Inc/pk.h:62: first defined here
C:/ST/STM32CubeIDE_1.14.0/STM32CubeIDE/plugins/com.st.stm32cube.ide.mcu.externaltools.gnu-tools-for-stm32.11.3.rel1.win32_1.1.100.202309141235/tools/bin/../lib/gcc/arm-none-eabi/11.3.1/../../../../arm-none-eabi/bin/ld.exe: ./Core/Src/polkadot.o:C:/Users/salma/OneDrive/Desktop/Capstone/3.Project Development/lorawan/Debug/../Core/Inc/pk.h:65: multiple definition of `rreq_table'; ./Core/Src/main.o:C:/Users/salma/OneDrive/Desktop/Capstone/3.Project Development/lorawan/Debug/../Core/Inc/pk.h:65: first defined here
C:/ST/STM32CubeIDE_1.14.0/STM32CubeIDE/plugins/com.st.stm32cube.ide.mcu.externaltools.gnu-tools-for-stm32.11.3.rel1.win32_1.1.100.202309141235/tools/bin/../lib/gcc/arm-none-eabi/11.3.1/../../../../arm-none-eabi/bin/ld.exe: ./Core/Src/polkadot.o:C:/Users/salma/OneDrive/Desktop/Capstone/3.Project Development/lorawan/Debug/../Core/Inc/pk.h:66: multiple definition of `rreq_pointer'; ./Core/Src/main.o:C:/Users/salma/OneDrive/Desktop/Capstone/3.Project Development/lorawan/Debug/../Core/Inc/pk.h:66: first defined here
collect2.exe: error: ld returned 1 exit status
make: *** [makefile:64: lorawan.elf] Error 1
"make -j8 all" terminated with exit code 2. Build might be incomplete.
