17:33:15 **** Incremental Build of configuration Debug for project Lora ****
make -j8 all 
arm-none-eabi-gcc "../Core/Src/main.c" -mcpu=cortex-m4 -std=gnu11 -g3 -DDEBUG -DUSE_HAL_DRIVER -DSTM32L432xx -c -I../Core/Inc -I../Drivers/STM32L4xx_HAL_Driver/Inc -I../Drivers/STM32L4xx_HAL_Driver/Inc/Legacy -I../Drivers/CMSIS/Device/ST/STM32L4xx/Include -I../Drivers/CMSIS/Include -O0 -ffunction-sections -fdata-sections -Wall -fstack-usage -fcyclomatic-complexity -MMD -MP -MF"Core/Src/main.d" -MT"Core/Src/main.o" --specs=nano.specs -mfpu=fpv4-sp-d16 -mfloat-abi=hard -mthumb -o "Core/Src/main.o"
In file included from ../Core/Src/main.c:24:
../Core/Inc/LoRa.h:1:1: warning: multi-line comment [-Wcomment]
    1 | // -------------------------------------------------- \\
      | ^
../Core/Src/main.c:55:22: warning: pointer targets in initialization of 'uint8_t *' {aka 'unsigned char *'} from 'char *' differ in signedness [-Wpointer-sign]
   55 | uint8_t* send_data = "Hello World!";
      |                      ^~~~~~~~~~~~~~
../Core/Src/main.c: In function 'main':
../Core/Src/main.c:247:18: warning: passing argument 2 of 'memset' makes integer from pointer without a cast [-Wint-conversion]
  247 |   memset(status, NULL, 200);
      |                  ^~~~
      |                  |
      |                  void *
In file included from ../Core/Src/main.c:25:
C:\ST\STM32CubeIDE_1.14.0\STM32CubeIDE\plugins\com.st.stm32cube.ide.mcu.externaltools.gnu-tools-for-stm32.11.3.rel1.win32_1.1.100.202309141235\tools\bin/../lib/gcc/arm-none-eabi/11.3.1/../../../../arm-none-eabi/include/string.h:33:26: note: expected 'int' but argument is of type 'void *'
   33 | void *   memset (void *, int, size_t);
      |                          ^~~
../Core/Src/main.c:295:34: warning: passing argument 2 of 'LoRa_transmit' from incompatible pointer type [-Wincompatible-pointer-types]
  295 |           LoRa_transmit(&myLoRa, &send_data, 1, 500);
      |                                  ^~~~~~~~~~
      |                                  |
      |                                  uint8_t ** {aka unsigned char **}
In file included from ../Core/Src/main.c:24:
../Core/Inc/LoRa.h:130:45: note: expected 'uint8_t *' {aka 'unsigned char *'} but argument is of type 'uint8_t **' {aka 'unsigned char **'}
  130 | uint8_t LoRa_transmit(LoRa* _LoRa, uint8_t* data, uint8_t length, uint16_t timeout);
      |                                    ~~~~~~~~~^~~~
../Core/Src/main.c:123:14: warning: unused variable 'read1' [-Wunused-variable]
  123 |   uint8_t    read1;
      |              ^~~~~
../Core/Src/main.c:121:14: warning: unused variable 'data' [-Wunused-variable]
  121 |   uint8_t    data;
      |              ^~~~
arm-none-eabi-gcc -o "Lora.elf" @"objects.list"   -mcpu=cortex-m4 -T"C:\Users\salma\Downloads\LoraTest\LoraTest\STM32L432KCUX_FLASH.ld" --specs=nosys.specs -Wl,-Map="Lora.map" -Wl,--gc-sections -static --specs=nano.specs -mfpu=fpv4-sp-d16 -mfloat-abi=hard -mthumb -Wl,--start-group -lc -lm -Wl,--end-group
Finished building target: Lora.elf
 
arm-none-eabi-size  Lora.elf 
arm-none-eabi-objdump -h -S Lora.elf  > "Lora.list"
   text	   data	    bss	    dec	    hex	filename
  21868	    104	   2328	  24300	   5eec	Lora.elf
Finished building: default.size.stdout
 
Finished building: Lora.list
 

17:33:16 Build Finished. 0 errors, 6 warnings. (took 1s.537ms)

